Archive member included because of file (symbol)

C:\Program Files (x86)\GNU Tools ARM Embedded\4.9 2014q4\arm-none-eabi\lib\armv7e-m\fpu\libg.a(lib_a-memcpy.o)
                              ..\obj\COM1_F4.o (memcpy)
C:\Program Files (x86)\GNU Tools ARM Embedded\4.9 2014q4\arm-none-eabi\lib\armv7e-m\fpu\libg.a(lib_a-sprintf.o)
                              ..\obj\main.o (sprintf)
C:\Program Files (x86)\GNU Tools ARM Embedded\4.9 2014q4\arm-none-eabi\lib\armv7e-m\fpu\libg.a(lib_a-svfprintf.o)
                              C:\Program Files (x86)\GNU Tools ARM Embedded\4.9 2014q4\arm-none-eabi\lib\armv7e-m\fpu\libg.a(lib_a-sprintf.o) (_svfprintf_r)
C:\Program Files (x86)\GNU Tools ARM Embedded\4.9 2014q4\arm-none-eabi\lib\armv7e-m\fpu\libg.a(lib_a-dtoa.o)
                              C:\Program Files (x86)\GNU Tools ARM Embedded\4.9 2014q4\arm-none-eabi\lib\armv7e-m\fpu\libg.a(lib_a-svfprintf.o) (_dtoa_r)
C:\Program Files (x86)\GNU Tools ARM Embedded\4.9 2014q4\arm-none-eabi\lib\armv7e-m\fpu\libg.a(lib_a-impure.o)
                              C:\Program Files (x86)\GNU Tools ARM Embedded\4.9 2014q4\arm-none-eabi\lib\armv7e-m\fpu\libg.a(lib_a-sprintf.o) (_impure_ptr)
C:\Program Files (x86)\GNU Tools ARM Embedded\4.9 2014q4\arm-none-eabi\lib\armv7e-m\fpu\libg.a(lib_a-locale.o)
                              C:\Program Files (x86)\GNU Tools ARM Embedded\4.9 2014q4\arm-none-eabi\lib\armv7e-m\fpu\libg.a(lib_a-svfprintf.o) (_localeconv_r)
C:\Program Files (x86)\GNU Tools ARM Embedded\4.9 2014q4\arm-none-eabi\lib\armv7e-m\fpu\libg.a(lib_a-mallocr.o)
                              C:\Program Files (x86)\GNU Tools ARM Embedded\4.9 2014q4\arm-none-eabi\lib\armv7e-m\fpu\libg.a(lib_a-svfprintf.o) (_malloc_r)
C:\Program Files (x86)\GNU Tools ARM Embedded\4.9 2014q4\arm-none-eabi\lib\armv7e-m\fpu\libg.a(lib_a-memchr.o)
                              C:\Program Files (x86)\GNU Tools ARM Embedded\4.9 2014q4\arm-none-eabi\lib\armv7e-m\fpu\libg.a(lib_a-svfprintf.o) (memchr)
C:\Program Files (x86)\GNU Tools ARM Embedded\4.9 2014q4\arm-none-eabi\lib\armv7e-m\fpu\libg.a(lib_a-mlock.o)
                              C:\Program Files (x86)\GNU Tools ARM Embedded\4.9 2014q4\arm-none-eabi\lib\armv7e-m\fpu\libg.a(lib_a-mallocr.o) (__malloc_lock)
C:\Program Files (x86)\GNU Tools ARM Embedded\4.9 2014q4\arm-none-eabi\lib\armv7e-m\fpu\libg.a(lib_a-mprec.o)
                              C:\Program Files (x86)\GNU Tools ARM Embedded\4.9 2014q4\arm-none-eabi\lib\armv7e-m\fpu\libg.a(lib_a-dtoa.o) (_Balloc)
C:\Program Files (x86)\GNU Tools ARM Embedded\4.9 2014q4\arm-none-eabi\lib\armv7e-m\fpu\libg.a(lib_a-s_fpclassify.o)
                              C:\Program Files (x86)\GNU Tools ARM Embedded\4.9 2014q4\arm-none-eabi\lib\armv7e-m\fpu\libg.a(lib_a-svfprintf.o) (__fpclassifyd)
C:\Program Files (x86)\GNU Tools ARM Embedded\4.9 2014q4\arm-none-eabi\lib\armv7e-m\fpu\libg.a(lib_a-sbrkr.o)
                              C:\Program Files (x86)\GNU Tools ARM Embedded\4.9 2014q4\arm-none-eabi\lib\armv7e-m\fpu\libg.a(lib_a-mallocr.o) (_sbrk_r)
C:\Program Files (x86)\GNU Tools ARM Embedded\4.9 2014q4\arm-none-eabi\lib\armv7e-m\fpu\libg.a(lib_a-strcmp.o)
                              C:\Program Files (x86)\GNU Tools ARM Embedded\4.9 2014q4\arm-none-eabi\lib\armv7e-m\fpu\libg.a(lib_a-locale.o) (strcmp)
C:\Program Files (x86)\GNU Tools ARM Embedded\4.9 2014q4\arm-none-eabi\lib\armv7e-m\fpu\libg.a(lib_a-strlen.o)
                              C:\Program Files (x86)\GNU Tools ARM Embedded\4.9 2014q4\arm-none-eabi\lib\armv7e-m\fpu\libg.a(lib_a-svfprintf.o) (strlen)
C:\Program Files (x86)\GNU Tools ARM Embedded\4.9 2014q4\arm-none-eabi\lib\armv7e-m\fpu\libg.a(lib_a-svfiprintf.o)
                              C:\Program Files (x86)\GNU Tools ARM Embedded\4.9 2014q4\arm-none-eabi\lib\armv7e-m\fpu\libg.a(lib_a-svfprintf.o) (__ssprint_r)
C:\Program Files (x86)\GNU Tools ARM Embedded\4.9 2014q4\arm-none-eabi\lib\armv7e-m\fpu\libg.a(lib_a-callocr.o)
                              C:\Program Files (x86)\GNU Tools ARM Embedded\4.9 2014q4\arm-none-eabi\lib\armv7e-m\fpu\libg.a(lib_a-mprec.o) (_calloc_r)
C:\Program Files (x86)\GNU Tools ARM Embedded\4.9 2014q4\arm-none-eabi\lib\armv7e-m\fpu\libg.a(lib_a-freer.o)
                              C:\Program Files (x86)\GNU Tools ARM Embedded\4.9 2014q4\arm-none-eabi\lib\armv7e-m\fpu\libg.a(lib_a-mallocr.o) (_free_r)
C:\Program Files (x86)\GNU Tools ARM Embedded\4.9 2014q4\arm-none-eabi\lib\armv7e-m\fpu\libg.a(lib_a-memmove.o)
                              C:\Program Files (x86)\GNU Tools ARM Embedded\4.9 2014q4\arm-none-eabi\lib\armv7e-m\fpu\libg.a(lib_a-svfiprintf.o) (memmove)
C:\Program Files (x86)\GNU Tools ARM Embedded\4.9 2014q4\arm-none-eabi\lib\armv7e-m\fpu\libg.a(lib_a-memset.o)
                              C:\Program Files (x86)\GNU Tools ARM Embedded\4.9 2014q4\arm-none-eabi\lib\armv7e-m\fpu\libg.a(lib_a-callocr.o) (memset)
[...]
Memory Configuration

Name             Origin             Length             Attributes
rom              0x08000000         0x00100000         xr
ram              0x20000000         0x00020000         xrw
ram1             0x10000000         0x00010000         xrw
*default*        0x00000000         0xffffffff

Linker script and memory map

                0x20020000                _eram = 0x20020000

.text           0x08000000     0x765c
 *(.isr_vector .isr_vector.*)
 .isr_vector    0x08000000      0x188 ..\obj\startup_stm32f4xx.o
                0x08000000                g_pfnVectors
 *(.text .text.* .gnu.linkonce.t.*)
 .text.Led7_em_str
                0x08000188       0x44 ..\obj\Led7_emulator.o
                0x08000188                Led7_em_str
 .text.Draw_char
                0x080001cc      0xa28 ..\obj\Led7_emulator.o
                0x080001cc                Draw_char
 .text.delay_Init
                0x08000bf4       0x3c ..\obj\delay.o
                0x08000bf4                delay_Init
 .text.delay_us
                0x08000c30       0x2c ..\obj\delay.o
                0x08000c30                delay_us
 .text.delay_ms
                0x08000c5c       0x24 ..\obj\delay.o
                0x08000c5c                delay_ms
 .text.LedPORT  0x08000c80       0xf8 ..\obj\Led7.o
 .text.TIM7_IRQHandler
                0x08000d78       0xe0 ..\obj\Led7.o
                0x08000d78                TIM7_IRQHandler
 .text.USART_ReceiveData
                0x08000e58       0x20 ..\obj\stm32f4xx_usart.o
                0x08000e58                USART_ReceiveData
 .text.USART_DMACmd
                0x08000e78       0x48 ..\obj\stm32f4xx_usart.o
                0x08000e78                USART_DMACmd
 .text.USART_ITConfig
                0x08000ec0       0x90 ..\obj\stm32f4xx_usart.o
                0x08000ec0                USART_ITConfig
 .text.USART_GetITStatus
                0x08000f50       0xb8 ..\obj\stm32f4xx_usart.o
                0x08000f50                USART_GetITStatus
 .text.USART_ClearITPendingBit
                0x08001008       0x38 ..\obj\stm32f4xx_usart.o
                0x08001008                USART_ClearITPendingBit
 .text.DMA2_Stream7_IRQHandler
                0x08001040       0x48 ..\obj\COM1_F4.o
                0x08001040                DMA2_Stream7_IRQHandler
 .text.USART1_IRQHandler
                0x08001088       0xb0 ..\obj\COM1_F4.o
                0x08001088                USART1_IRQHandler
 .text.Default_Reset_Handler
                0x08001138       0x68 ..\obj\startup_stm32f4xx.o
                0x08001138                Default_Reset_Handler
                0x08001138                Reset_Handler
 .text.Default_Handler
                0x080011a0        0x8 ..\obj\startup_stm32f4xx.o
                0x080011a0                RTC_Alarm_IRQHandler
                0x080011a0                HASH_RNG_IRQHandler
                0x080011a0                EXTI2_IRQHandler
                0x080011a0                TIM8_CC_IRQHandler
                0x080011a0                DebugMon_Handler
                0x080011a0                TIM1_CC_IRQHandler
                0x080011a0                DMA2_Stream5_IRQHandler
                0x080011a0                HardFault_Handler
                0x080011a0                DMA1_Stream5_IRQHandler
                0x080011a0                SysTick_Handler
                0x080011a0                PVD_IRQHandler
                0x080011a0                SDIO_IRQHandler
                0x080011a0                TAMP_STAMP_IRQHandler
                0x080011a0                PendSV_Handler
                0x080011a0                NMI_Handler
                0x080011a0                CAN2_RX1_IRQHandler
                0x080011a0                EXTI3_IRQHandler
                0x080011a0                TIM8_TRG_COM_TIM14_IRQHandler
                0x080011a0                TIM1_UP_TIM10_IRQHandler
                0x080011a0                TIM8_UP_TIM13_IRQHandler
                0x080011a0                I2C3_ER_IRQHandler
                0x080011a0                EXTI0_IRQHandler
                0x080011a0                I2C2_EV_IRQHandler
                0x080011a0                DMA1_Stream2_IRQHandler
                0x080011a0                CAN1_RX0_IRQHandler
                0x080011a0                FPU_IRQHandler
                0x080011a0                OTG_HS_WKUP_IRQHandler
                0x080011a0                UsageFault_Handler
                0x080011a0                CAN2_SCE_IRQHandler
                0x080011a0                DMA2_Stream2_IRQHandler
                0x080011a0                SPI1_IRQHandler
                0x080011a0                TIM6_DAC_IRQHandler
                0x080011a0                TIM1_BRK_TIM9_IRQHandler
                0x080011a0                DCMI_IRQHandler
                0x080011a0                CAN2_RX0_IRQHandler
                0x080011a0                DMA2_Stream3_IRQHandler
                0x080011a0                USART6_IRQHandler
                0x080011a0                USART3_IRQHandler
                0x080011a0                CRYP_IRQHandler
                0x080011a0                CAN1_RX1_IRQHandler
                0x080011a0                UART5_IRQHandler
                0x080011a0                DMA2_Stream0_IRQHandler
                0x080011a0                TIM4_IRQHandler
                0x080011a0                I2C1_EV_IRQHandler
                0x080011a0                DMA1_Stream6_IRQHandler
                0x080011a0                DMA1_Stream1_IRQHandler
                0x080011a0                UART4_IRQHandler
                0x080011a0                TIM3_IRQHandler
                0x080011a0                RCC_IRQHandler
                0x080011a0                TIM8_BRK_TIM12_IRQHandler
                0x080011a0                EXTI15_10_IRQHandler
                0x080011a0                ADC_IRQHandler
                0x080011a0                DMA1_Stream7_IRQHandler
                0x080011a0                CAN2_TX_IRQHandler
                0x080011a0                TIM5_IRQHandler
                0x080011a0                I2C3_EV_IRQHandler
                0x080011a0                EXTI9_5_IRQHandler
                0x080011a0                RTC_WKUP_IRQHandler
                0x080011a0                ETH_WKUP_IRQHandler
                0x080011a0                SPI2_IRQHandler
                0x080011a0                OTG_HS_EP1_IN_IRQHandler
                0x080011a0                MemManage_Handler
                0x080011a0                DMA1_Stream0_IRQHandler
                0x080011a0                CAN1_TX_IRQHandler
                0x080011a0                SVC_Handler
                0x080011a0                EXTI4_IRQHandler
                0x080011a0                FSMC_IRQHandler
                0x080011a0                ETH_IRQHandler
                0x080011a0                OTG_HS_EP1_OUT_IRQHandler
                0x080011a0                WWDG_IRQHandler
                0x080011a0                TIM2_IRQHandler
                0x080011a0                OTG_FS_WKUP_IRQHandler
                0x080011a0                TIM1_TRG_COM_TIM11_IRQHandler
                0x080011a0                OTG_HS_IRQHandler
                0x080011a0                EXTI1_IRQHandler
                0x080011a0                USART2_IRQHandler
                0x080011a0                I2C2_ER_IRQHandler
                0x080011a0                DMA2_Stream1_IRQHandler
                0x080011a0                CAN1_SCE_IRQHandler
                0x080011a0                FLASH_IRQHandler
                0x080011a0                DMA2_Stream4_IRQHandler
                0x080011a0                BusFault_Handler
                0x080011a0                OTG_FS_IRQHandler
                0x080011a0                SPI3_IRQHandler
                0x080011a0                DMA1_Stream4_IRQHandler
                0x080011a0                I2C1_ER_IRQHandler
                0x080011a0                DMA2_Stream6_IRQHandler
                0x080011a0                DMA1_Stream3_IRQHandler
 .text.AD5290_Set
                0x080011a8       0x70 ..\obj\main.o
                0x080011a8                AD5290_Set
 .text.AD5290_Ini
                0x08001218       0xcc ..\obj\main.o
                0x08001218                AD5290_Ini
 .text.ADC_Injected_ini
                0x080012e4       0xc0 ..\obj\main.o
                0x080012e4                ADC_Injected_ini
 .text.Read_ADC
                0x080013a4       0x4c ..\obj\main.o
                0x080013a4                Read_ADC
 .text.main     0x080013f0       0xd4 ..\obj\main.o
                0x080013f0                main
 .text.RCC_AHB1PeriphClockCmd
                0x080014c4       0x3c ..\obj\stm32f4xx_rcc.o
                0x080014c4                RCC_AHB1PeriphClockCmd
 .text.RCC_AHB3PeriphClockCmd
                0x08001500       0x3c ..\obj\stm32f4xx_rcc.o
                0x08001500                RCC_AHB3PeriphClockCmd
 .text.RCC_APB1PeriphClockCmd
                0x0800153c       0x3c ..\obj\stm32f4xx_rcc.o
                0x0800153c                RCC_APB1PeriphClockCmd
 .text.RCC_APB2PeriphClockCmd
                0x08001578       0x3c ..\obj\stm32f4xx_rcc.o
                0x08001578                RCC_APB2PeriphClockCmd
 .text.ADC_Init
                0x080015b4       0xa8 ..\obj\stm32f4xx_adc.o
                0x080015b4                ADC_Init
 .text.ADC_CommonInit
                0x0800165c       0x50 ..\obj\stm32f4xx_adc.o
                0x0800165c                ADC_CommonInit
 .text.ADC_Cmd  0x080016ac       0x38 ..\obj\stm32f4xx_adc.o
                0x080016ac                ADC_Cmd
 .text.ADC_SoftwareStartConv
                0x080016e4       0x20 ..\obj\stm32f4xx_adc.o
                0x080016e4                ADC_SoftwareStartConv
 .text.ADC_InjectedChannelConfig
                0x08001704      0x120 ..\obj\stm32f4xx_adc.o
                0x08001704                ADC_InjectedChannelConfig
 .text.ADC_InjectedSequencerLengthConfig
                0x08001824       0x44 ..\obj\stm32f4xx_adc.o
                0x08001824                ADC_InjectedSequencerLengthConfig
 .text.ADC_AutoInjectedConvCmd
                0x08001868       0x38 ..\obj\stm32f4xx_adc.o
                0x08001868                ADC_AutoInjectedConvCmd
 .text.ADC_GetInjectedConversionValue
                0x080018a0       0x30 ..\obj\stm32f4xx_adc.o
                0x080018a0                ADC_GetInjectedConversionValue
 .text.FSMC_NORSRAMInit
                0x080018d0      0x134 ..\obj\stm32f4xx_fsmc.o
                0x080018d0                FSMC_NORSRAMInit
 .text.FSMC_NORSRAMCmd
                0x08001a04       0x54 ..\obj\stm32f4xx_fsmc.o
                0x08001a04                FSMC_NORSRAMCmd
 .text.GPIO_AF_FSMC_Config
                0x08001a58       0xd8 ..\obj\TFT.o
 .text.LCD_GPIO_Config
                0x08001b30       0xd8 ..\obj\TFT.o
 .text.LCD_FSMC_Config
                0x08001c08       0x84 ..\obj\TFT.o
 .text.uDelay   0x08001c8c       0x48 ..\obj\TFT.o
                0x08001c8c                uDelay
 .text.mDelay   0x08001cd4       0x20 ..\obj\TFT.o
                0x08001cd4                mDelay
 .text.TFT_Send_Cmd
                0x08001cf4       0x20 ..\obj\TFT.o
                0x08001cf4                TFT_Send_Cmd
 .text.TFT_Write_Data
                0x08001d14       0x20 ..\obj\TFT.o
                0x08001d14                TFT_Write_Data
 .text.TFT_SetOrientation
                0x08001d34       0xb4 ..\obj\TFT.o
                0x08001d34                TFT_SetOrientation
 .text.TFT_Init
                0x08001de8      0x18c ..\obj\TFT.o
                0x08001de8                TFT_Init
 .text.TFT_Send_Data
                0x08001f74       0x30 ..\obj\TFT.o
                0x08001f74                TFT_Send_Data
 .text.TFT_Set_Column
                0x08001fa4       0x2c ..\obj\TFT.o
                0x08001fa4                TFT_Set_Column
 .text.TFT_Set_Page
                0x08001fd0       0x2c ..\obj\TFT.o
                0x08001fd0                TFT_Set_Page
 .text.constrain
                0x08001ffc       0x38 ..\obj\TFT.o
                0x08001ffc                constrain
 .text.TFT_Fill_Screen
                0x08002034      0x118 ..\obj\TFT.o
                0x08002034                TFT_Fill_Screen
 .text.TFT_Fill_Rectangle
                0x0800214c       0x58 ..\obj\TFT.o
                0x0800214c                TFT_Fill_Rectangle
 .text.TFT_Draw_Horizontal_Line
                0x080021a4       0x64 ..\obj\TFT.o
                0x080021a4                TFT_Draw_Horizontal_Line
 .text.TFT_Draw_Vertical_Line
                0x08002208       0x64 ..\obj\TFT.o
                0x08002208                TFT_Draw_Vertical_Line
 .text.GPIO_Init
                0x0800226c      0x11c ..\obj\stm32f4xx_gpio.o
                0x0800226c                GPIO_Init
 .text.GPIO_SetBits
                0x08002388       0x1c ..\obj\stm32f4xx_gpio.o
                0x08002388                GPIO_SetBits
 .text.GPIO_ResetBits
                0x080023a4       0x1c ..\obj\stm32f4xx_gpio.o
                0x080023a4                GPIO_ResetBits
 .text.GPIO_PinAFConfig
                0x080023c0       0x90 ..\obj\stm32f4xx_gpio.o
                0x080023c0                GPIO_PinAFConfig
 .text.SystemInit
                0x08002450       0x68 ..\obj\system_stm32f4xx.o
                0x08002450                SystemInit
 .text.SetSysClock
                0x080024b8       0xf4 ..\obj\system_stm32f4xx.o
 .text._sbrk    0x080025ac       0x40 ..\obj\syscalls.o
                0x080025ac                _sbrk
 .text.DMA_Cmd  0x080025ec       0x38 ..\obj\stm32f4xx_dma.o
                0x080025ec                DMA_Cmd
 .text.DMA_GetCurrDataCounter
                0x08002624       0x1c ..\obj\stm32f4xx_dma.o
                0x08002624                DMA_GetCurrDataCounter
 .text.DMA_ITConfig
                0x08002640       0x74 ..\obj\stm32f4xx_dma.o
                0x08002640                DMA_ITConfig
 .text.DMA_GetITStatus
                0x080026b4       0xb0 ..\obj\stm32f4xx_dma.o
                0x080026b4                DMA_GetITStatus
 .text.DMA_ClearITPendingBit
                0x08002764       0x5c ..\obj\stm32f4xx_dma.o
                0x08002764                DMA_ClearITPendingBit
 .text.SPI_Init
                0x080027c0       0x88 ..\obj\stm32f4xx_spi.o
                0x080027c0                SPI_Init
 .text.SPI_Cmd  0x08002848       0x40 ..\obj\stm32f4xx_spi.o
                0x08002848                SPI_Cmd
 .text.SPI_NSSInternalSoftwareConfig
                0x08002888       0x44 ..\obj\stm32f4xx_spi.o
                0x08002888                SPI_NSSInternalSoftwareConfig
 .text.SPI_I2S_ReceiveData
                0x080028cc       0x1c ..\obj\stm32f4xx_spi.o
                0x080028cc                SPI_I2S_ReceiveData
 .text.SPI_I2S_SendData
                0x080028e8       0x1c ..\obj\stm32f4xx_spi.o
                0x080028e8                SPI_I2S_SendData
 .text.SPI_I2S_GetFlagStatus
                0x08002904       0x38 ..\obj\stm32f4xx_spi.o
                0x08002904                SPI_I2S_GetFlagStatus
 .text.NVIC_PriorityGroupConfig
                0x0800293c       0x24 ..\obj\misc.o
                0x0800293c                NVIC_PriorityGroupConfig
 .text.TIM_TimeBaseInit
                0x08002960       0xd4 ..\obj\stm32f4xx_tim.o
                0x08002960                TIM_TimeBaseInit
 .text.TIM_Cmd  0x08002a34       0x40 ..\obj\stm32f4xx_tim.o
                0x08002a34                TIM_Cmd
 .text.TIM_ClearITPendingBit
                0x08002a74       0x20 ..\obj\stm32f4xx_tim.o
                0x08002a74                TIM_ClearITPendingBit
 .text          0x08002a94      0x134 C:\Program Files (x86)\GNU Tools ARM Embedded\4.9 2014q4\arm-none-eabi\lib\armv7e-m\fpu\libg.a(lib_a-memcpy.o)
                0x08002a94                memcpy
 .text.sprintf  0x08002bc8       0x4c C:\Program Files (x86)\GNU Tools ARM Embedded\4.9 2014q4\arm-none-eabi\lib\armv7e-m\fpu\libg.a(lib_a-sprintf.o)
                0x08002bc8                sprintf
 *fill*         0x08002c14        0x4 
 .text._svfprintf_r
                0x08002c18     0x14d0 C:\Program Files (x86)\GNU Tools ARM Embedded\4.9 2014q4\arm-none-eabi\lib\armv7e-m\fpu\libg.a(lib_a-svfprintf.o)
                0x08002c18                _svfprintf_r
 .text.quorem   0x080040e8      0x12c C:\Program Files (x86)\GNU Tools ARM Embedded\4.9 2014q4\arm-none-eabi\lib\armv7e-m\fpu\libg.a(lib_a-dtoa.o)
 *fill*         0x08004214        0x4 
 .text._dtoa_r  0x08004218      0xea8 C:\Program Files (x86)\GNU Tools ARM Embedded\4.9 2014q4\arm-none-eabi\lib\armv7e-m\fpu\libg.a(lib_a-dtoa.o)
                0x08004218                _dtoa_r
 .text._localeconv_r
                0x080050c0        0x8 C:\Program Files (x86)\GNU Tools ARM Embedded\4.9 2014q4\arm-none-eabi\lib\armv7e-m\fpu\libg.a(lib_a-locale.o)
                0x080050c0                _localeconv_r
 .text._malloc_r
                0x080050c8      0x51c C:\Program Files (x86)\GNU Tools ARM Embedded\4.9 2014q4\arm-none-eabi\lib\armv7e-m\fpu\libg.a(lib_a-mallocr.o)
                0x080050c8                _malloc_r
 .text.memchr   0x080055e4       0x94 C:\Program Files (x86)\GNU Tools ARM Embedded\4.9 2014q4\arm-none-eabi\lib\armv7e-m\fpu\libg.a(lib_a-memchr.o)
                0x080055e4                memchr
 .text.__malloc_lock
                0x08005678        0x4 C:\Program Files (x86)\GNU Tools ARM Embedded\4.9 2014q4\arm-none-eabi\lib\armv7e-m\fpu\libg.a(lib_a-mlock.o)
                0x08005678                __malloc_lock
 .text.__malloc_unlock
                0x0800567c        0x4 C:\Program Files (x86)\GNU Tools ARM Embedded\4.9 2014q4\arm-none-eabi\lib\armv7e-m\fpu\libg.a(lib_a-mlock.o)
                0x0800567c                __malloc_unlock
 .text._Balloc  0x08005680       0x4c C:\Program Files (x86)\GNU Tools ARM Embedded\4.9 2014q4\arm-none-eabi\lib\armv7e-m\fpu\libg.a(lib_a-mprec.o)
                0x08005680                _Balloc
 .text._Bfree   0x080056cc       0x14 C:\Program Files (x86)\GNU Tools ARM Embedded\4.9 2014q4\arm-none-eabi\lib\armv7e-m\fpu\libg.a(lib_a-mprec.o)
                0x080056cc                _Bfree
 .text.__multadd
                0x080056e0       0x84 C:\Program Files (x86)\GNU Tools ARM Embedded\4.9 2014q4\arm-none-eabi\lib\armv7e-m\fpu\libg.a(lib_a-mprec.o)
                0x080056e0                __multadd
 .text.__hi0bits
                0x08005764       0x40 C:\Program Files (x86)\GNU Tools ARM Embedded\4.9 2014q4\arm-none-eabi\lib\armv7e-m\fpu\libg.a(lib_a-mprec.o)
                0x08005764                __hi0bits
 .text.__lo0bits
                0x080057a4       0x5c C:\Program Files (x86)\GNU Tools ARM Embedded\4.9 2014q4\arm-none-eabi\lib\armv7e-m\fpu\libg.a(lib_a-mprec.o)
                0x080057a4                __lo0bits
 .text.__i2b    0x08005800       0x14 C:\Program Files (x86)\GNU Tools ARM Embedded\4.9 2014q4\arm-none-eabi\lib\armv7e-m\fpu\libg.a(lib_a-mprec.o)
                0x08005800                __i2b
 .text.__multiply
                0x08005814      0x134 C:\Program Files (x86)\GNU Tools ARM Embedded\4.9 2014q4\arm-none-eabi\lib\armv7e-m\fpu\libg.a(lib_a-mprec.o)
                0x08005814                __multiply
 .text.__pow5mult
                0x08005948       0xa0 C:\Program Files (x86)\GNU Tools ARM Embedded\4.9 2014q4\arm-none-eabi\lib\armv7e-m\fpu\libg.a(lib_a-mprec.o)
                0x08005948                __pow5mult
 .text.__lshift
                0x080059e8       0xac C:\Program Files (x86)\GNU Tools ARM Embedded\4.9 2014q4\arm-none-eabi\lib\armv7e-m\fpu\libg.a(lib_a-mprec.o)
                0x080059e8                __lshift
 .text.__mcmp   0x08005a94       0x48 C:\Program Files (x86)\GNU Tools ARM Embedded\4.9 2014q4\arm-none-eabi\lib\armv7e-m\fpu\libg.a(lib_a-mprec.o)
                0x08005a94                __mcmp
 .text.__mdiff  0x08005adc       0xd4 C:\Program Files (x86)\GNU Tools ARM Embedded\4.9 2014q4\arm-none-eabi\lib\armv7e-m\fpu\libg.a(lib_a-mprec.o)
                0x08005adc                __mdiff
 .text.__d2b    0x08005bb0       0xbc C:\Program Files (x86)\GNU Tools ARM Embedded\4.9 2014q4\arm-none-eabi\lib\armv7e-m\fpu\libg.a(lib_a-mprec.o)
                0x08005bb0                __d2b
 .text.__fpclassifyd
                0x08005c6c       0x5c C:\Program Files (x86)\GNU Tools ARM Embedded\4.9 2014q4\arm-none-eabi\lib\armv7e-m\fpu\libg.a(lib_a-s_fpclassify.o)
                0x08005c6c                __fpclassifyd
 .text._sbrk_r  0x08005cc8       0x24 C:\Program Files (x86)\GNU Tools ARM Embedded\4.9 2014q4\arm-none-eabi\lib\armv7e-m\fpu\libg.a(lib_a-sbrkr.o)
                0x08005cc8                _sbrk_r
 .text.strlen   0x08005cec       0x5c C:\Program Files (x86)\GNU Tools ARM Embedded\4.9 2014q4\arm-none-eabi\lib\armv7e-m\fpu\libg.a(lib_a-strlen.o)
                0x08005cec                strlen
 .text.__ssprint_r
                0x08005d48      0x104 C:\Program Files (x86)\GNU Tools ARM Embedded\4.9 2014q4\arm-none-eabi\lib\armv7e-m\fpu\libg.a(lib_a-svfiprintf.o)
                0x08005d48                __ssprint_r
 .text._calloc_r
                0x08005e4c       0x60 C:\Program Files (x86)\GNU Tools ARM Embedded\4.9 2014q4\arm-none-eabi\lib\armv7e-m\fpu\libg.a(lib_a-callocr.o)
                0x08005e4c                _calloc_r
 .text._malloc_trim_r
                0x08005eac       0x9c C:\Program Files (x86)\GNU Tools ARM Embedded\4.9 2014q4\arm-none-eabi\lib\armv7e-m\fpu\libg.a(lib_a-freer.o)
                0x08005eac                _malloc_trim_r
 .text._free_r  0x08005f48      0x1b0 C:\Program Files (x86)\GNU Tools ARM Embedded\4.9 2014q4\arm-none-eabi\lib\armv7e-m\fpu\libg.a(lib_a-freer.o)
                0x08005f48                _free_r
 .text.memmove  0x080060f8       0xc8 C:\Program Files (x86)\GNU Tools ARM Embedded\4.9 2014q4\arm-none-eabi\lib\armv7e-m\fpu\libg.a(lib_a-memmove.o)
                0x080060f8                memmove
 .text.memset   0x080061c0       0x9c C:\Program Files (x86)\GNU Tools ARM Embedded\4.9 2014q4\arm-none-eabi\lib\armv7e-m\fpu\libg.a(lib_a-memset.o)
                0x080061c0                memset
 .text._realloc_r
                0x0800625c      0x3ec C:\Program Files (x86)\GNU Tools ARM Embedded\4.9 2014q4\arm-none-eabi\lib\armv7e-m\fpu\libg.a(lib_a-reallocr.o)
                0x0800625c                _realloc_r
 .text          0x08006648      0x370 c:/program files (x86)/gnu tools arm embedded/4.9 2014q4/bin/../lib/gcc/arm-none-eabi/4.9.3/armv7e-m/fpu\libgcc.a(_arm_addsubdf3.o)
                0x08006648                __aeabi_drsub
                0x08006650                __aeabi_dsub
                0x08006650                __subdf3
                0x08006654                __aeabi_dadd
                0x08006654                __adddf3
                0x080068cc                __floatunsidf
                0x080068cc                __aeabi_ui2d
                0x080068ec                __floatsidf
                0x080068ec                __aeabi_i2d
                0x08006910                __aeabi_f2d
                0x08006910                __extendsfdf2
                0x0800694c                __floatundidf
                0x0800694c                __aeabi_ul2d
                0x0800695c                __floatdidf
                0x0800695c                __aeabi_l2d
 .text          0x080069b8      0x424 c:/program files (x86)/gnu tools arm embedded/4.9 2014q4/bin/../lib/gcc/arm-none-eabi/4.9.3/armv7e-m/fpu\libgcc.a(_arm_muldivdf3.o)
                0x080069b8                __aeabi_dmul
                0x080069b8                __muldf3
                0x08006c0c                __divdf3
                0x08006c0c                __aeabi_ddiv
 .text          0x08006ddc      0x110 c:/program files (x86)/gnu tools arm embedded/4.9 2014q4/bin/../lib/gcc/arm-none-eabi/4.9.3/armv7e-m/fpu\libgcc.a(_arm_cmpdf2.o)
                0x08006ddc                __gtdf2
                0x08006ddc                __gedf2
                0x08006de4                __ltdf2
                0x08006de4                __ledf2
                0x08006dec                __nedf2
                0x08006dec                __eqdf2
                0x08006dec                __cmpdf2
                0x08006e68                __aeabi_cdrcmple
                0x08006e78                __aeabi_cdcmpeq
                0x08006e78                __aeabi_cdcmple
                0x08006e88                __aeabi_dcmpeq
                0x08006e9c                __aeabi_dcmplt
                0x08006eb0                __aeabi_dcmple
                0x08006ec4                __aeabi_dcmpge
                0x08006ed8                __aeabi_dcmpgt
 .text          0x08006eec       0x50 c:/program files (x86)/gnu tools arm embedded/4.9 2014q4/bin/../lib/gcc/arm-none-eabi/4.9.3/armv7e-m/fpu\libgcc.a(_arm_fixdfsi.o)
                0x08006eec                __aeabi_d2iz
                0x08006eec                __fixdfsi
 .text          0x08006f3c       0x2c c:/program files (x86)/gnu tools arm embedded/4.9 2014q4/bin/../lib/gcc/arm-none-eabi/4.9.3/armv7e-m/fpu\libgcc.a(_aeabi_uldivmod.o)
                0x08006f3c                __aeabi_uldivmod
 .text          0x08006f68       0x60 c:/program files (x86)/gnu tools arm embedded/4.9 2014q4/bin/../lib/gcc/arm-none-eabi/4.9.3/armv7e-m/fpu\libgcc.a(bpabi.o)
                0x08006f68                __gnu_ldivmod_helper
                0x08006f98                __gnu_uldivmod_helper
 .text          0x08006fc8        0x4 c:/program files (x86)/gnu tools arm embedded/4.9 2014q4/bin/../lib/gcc/arm-none-eabi/4.9.3/armv7e-m/fpu\libgcc.a(_dvmd_tls.o)
                0x08006fc8                __aeabi_idiv0
                0x08006fc8                __aeabi_ldiv0
 .text          0x08006fcc      0x29c c:/program files (x86)/gnu tools arm embedded/4.9 2014q4/bin/../lib/gcc/arm-none-eabi/4.9.3/armv7e-m/fpu\libgcc.a(_divdi3.o)
                0x08006fcc                __divdi3
 .text          0x08007268      0x26c c:/program files (x86)/gnu tools arm embedded/4.9 2014q4/bin/../lib/gcc/arm-none-eabi/4.9.3/armv7e-m/fpu\libgcc.a(_udivdi3.o)
                0x08007268                __udivdi3
 *(.glue_7t)
 .glue_7t       0x00000000        0x0 linker stubs
 *(.glue_7)
 .glue_7        0x00000000        0x0 linker stubs
 *(.rodata .rodata* .gnu.linkonce.r.*)
 .rodata        0x080074d4        0x4 ..\obj\main.o
 .rodata.blanks.6794
                0x080074d8       0x10 C:\Program Files (x86)\GNU Tools ARM Embedded\4.9 2014q4\arm-none-eabi\lib\armv7e-m\fpu\libg.a(lib_a-svfprintf.o)
 .rodata.str1.4
                0x080074e8       0x42 C:\Program Files (x86)\GNU Tools ARM Embedded\4.9 2014q4\arm-none-eabi\lib\armv7e-m\fpu\libg.a(lib_a-svfprintf.o)
                                 0x44 (size before relaxing)
 *fill*         0x0800752a        0x2 
 .rodata.zeroes.6795
                0x0800752c       0x10 C:\Program Files (x86)\GNU Tools ARM Embedded\4.9 2014q4\arm-none-eabi\lib\armv7e-m\fpu\libg.a(lib_a-svfprintf.o)
 .rodata.str1.4
                0x0800753c       0x10 C:\Program Files (x86)\GNU Tools ARM Embedded\4.9 2014q4\arm-none-eabi\lib\armv7e-m\fpu\libg.a(lib_a-dtoa.o)
                                 0x14 (size before relaxing)
 .rodata.str1.4
                0x0800754c        0x2 C:\Program Files (x86)\GNU Tools ARM Embedded\4.9 2014q4\arm-none-eabi\lib\armv7e-m\fpu\libg.a(lib_a-impure.o)
                                  0x4 (size before relaxing)
 *fill*         0x0800754e        0x2 
 .rodata.str1.4
                0x08007550        0xc C:\Program Files (x86)\GNU Tools ARM Embedded\4.9 2014q4\arm-none-eabi\lib\armv7e-m\fpu\libg.a(lib_a-locale.o)
                                 0x14 (size before relaxing)
 *fill*         0x0800755c        0x4 
 .rodata.__mprec_tens
                0x08007560       0xc8 C:\Program Files (x86)\GNU Tools ARM Embedded\4.9 2014q4\arm-none-eabi\lib\armv7e-m\fpu\libg.a(lib_a-mprec.o)
                0x08007560                __mprec_tens
 .rodata.__mprec_bigtens
                0x08007628       0x28 C:\Program Files (x86)\GNU Tools ARM Embedded\4.9 2014q4\arm-none-eabi\lib\armv7e-m\fpu\libg.a(lib_a-mprec.o)
                0x08007628                __mprec_bigtens
 .rodata.p05.5265
                0x08007650        0xc C:\Program Files (x86)\GNU Tools ARM Embedded\4.9 2014q4\arm-none-eabi\lib\armv7e-m\fpu\libg.a(lib_a-mprec.o)

.vfp11_veneer   0x0800765c        0x0
 .vfp11_veneer  0x00000000        0x0 linker stubs

.v4_bx          0x0800765c        0x0
 .v4_bx         0x00000000        0x0 linker stubs

.iplt           0x0800765c        0x0
 .iplt          0x00000000        0x0 ..\obj\stm32f4xx_syscfg.o

.ARM.extab
 *(.ARM.extab* .gnu.linkonce.armextab.*)
                0x0800765c                __exidx_start = .

.ARM.exidx      0x0800765c        0x8
 *(.ARM.exidx* .gnu.linkonce.armexidx.*)
 .ARM.exidx     0x0800765c        0x8 c:/program files (x86)/gnu tools arm embedded/4.9 2014q4/bin/../lib/gcc/arm-none-eabi/4.9.3/armv7e-m/fpu\libgcc.a(_divdi3.o)
 .ARM.exidx     0x08007664        0x0 c:/program files (x86)/gnu tools arm embedded/4.9 2014q4/bin/../lib/gcc/arm-none-eabi/4.9.3/armv7e-m/fpu\libgcc.a(_udivdi3.o)
                                  0x8 (size before relaxing)
                0x08007664                __exidx_end = .

.rel.dyn        0x08007664        0x0
 .rel.iplt      0x00000000        0x0 ..\obj\stm32f4xx_syscfg.o
                0x08007664                . = ALIGN (0x4)
                0x08007664                _etext = .
                0x08007664                _sidata = .

.data           0x20000000      0x87c load address 0x08007664
                0x20000000                _sdata = .
 *(.data .data.*)
 .data          0x20000000        0x4 ..\obj\TFT.o
 *fill*         0x20000004        0x4 
 .data.impure_data
                0x20000008      0x428 C:\Program Files (x86)\GNU Tools ARM Embedded\4.9 2014q4\arm-none-eabi\lib\armv7e-m\fpu\libg.a(lib_a-impure.o)
 .data._impure_ptr
                0x20000430        0x4 C:\Program Files (x86)\GNU Tools ARM Embedded\4.9 2014q4\arm-none-eabi\lib\armv7e-m\fpu\libg.a(lib_a-impure.o)
                0x20000430                _impure_ptr
 .data.lconv    0x20000434       0x38 C:\Program Files (x86)\GNU Tools ARM Embedded\4.9 2014q4\arm-none-eabi\lib\armv7e-m\fpu\libg.a(lib_a-locale.o)
 .data.__malloc_av_
                0x2000046c      0x408 C:\Program Files (x86)\GNU Tools ARM Embedded\4.9 2014q4\arm-none-eabi\lib\armv7e-m\fpu\libg.a(lib_a-mallocr.o)
                0x2000046c                __malloc_av_
 .data.__malloc_trim_threshold
                0x20000874        0x4 C:\Program Files (x86)\GNU Tools ARM Embedded\4.9 2014q4\arm-none-eabi\lib\armv7e-m\fpu\libg.a(lib_a-mallocr.o)
                0x20000874                __malloc_trim_threshold
 .data.__malloc_sbrk_base
                0x20000878        0x4 C:\Program Files (x86)\GNU Tools ARM Embedded\4.9 2014q4\arm-none-eabi\lib\armv7e-m\fpu\libg.a(lib_a-mallocr.o)
                0x20000878                __malloc_sbrk_base
                0x2000087c                . = ALIGN (0x4)
                0x2000087c                _edata = .

.igot.plt       0x2000087c        0x0 load address 0x08007ee0
 .igot.plt      0x00000000        0x0 ..\obj\stm32f4xx_syscfg.o

.bss            0x2000087c       0xc8 load address 0x08007ee0
                0x2000087c                _sbss = .
 *(.bss .bss.*)
 .bss           0x2000087c        0x8 ..\obj\Led7.o
 .bss           0x20000884       0x84 ..\obj\COM1_F4.o
 .bss           0x20000908        0x4 ..\obj\syscalls.o
 .bss.__malloc_max_total_mem
                0x2000090c        0x4 C:\Program Files (x86)\GNU Tools ARM Embedded\4.9 2014q4\arm-none-eabi\lib\armv7e-m\fpu\libg.a(lib_a-mallocr.o)
                0x2000090c                __malloc_max_total_mem
 .bss.__malloc_max_sbrked_mem
                0x20000910        0x4 C:\Program Files (x86)\GNU Tools ARM Embedded\4.9 2014q4\arm-none-eabi\lib\armv7e-m\fpu\libg.a(lib_a-mallocr.o)
                0x20000910                __malloc_max_sbrked_mem
 .bss.__malloc_top_pad
                0x20000914        0x4 C:\Program Files (x86)\GNU Tools ARM Embedded\4.9 2014q4\arm-none-eabi\lib\armv7e-m\fpu\libg.a(lib_a-mallocr.o)
                0x20000914                __malloc_top_pad
 .bss.__malloc_current_mallinfo
                0x20000918       0x28 C:\Program Files (x86)\GNU Tools ARM Embedded\4.9 2014q4\arm-none-eabi\lib\armv7e-m\fpu\libg.a(lib_a-mallocr.o)
                0x20000918                __malloc_current_mallinfo
 *(COMMON)
 COMMON         0x20000940        0x4 C:\Program Files (x86)\GNU Tools ARM Embedded\4.9 2014q4\arm-none-eabi\lib\armv7e-m\fpu\libg.a(lib_a-reent.o)
                0x20000940                errno
                0x20000944                . = ALIGN (0x4)
                0x20000944                _ebss = .

.co_stack       0x20000944     0x8004 load address 0x08007fa8
                0x20000948                . = ALIGN (0x8)
 *fill*         0x20000944        0x4 
 *(.co_stack .co_stack.*)
 .co_stack      0x20000948     0x8000 ..\obj\startup_stm32f4xx.o
                0x20000948                pulStack
                0x20008948                . = ALIGN (0x4)
                0x20008948                _end = .
LOAD ..\obj\stm32f4xx_syscfg.o
LOAD ..\obj\Led7_emulator.o
LOAD ..\obj\delay.o
LOAD ..\obj\Led7.o
LOAD ..\obj\stm32f4xx_usart.o
LOAD ..\obj\stm32f4xx_dac.o
LOAD ..\obj\COM1_F4.o
LOAD ..\obj\startup_stm32f4xx.o
LOAD ..\obj\main.o
LOAD ..\obj\stm32f4xx_rcc.o
LOAD ..\obj\stm32f4xx_adc.o
LOAD ..\obj\stm32f4xx_fsmc.o
LOAD ..\obj\TFT.o
LOAD ..\obj\stm32f4xx_gpio.o
LOAD ..\obj\stm32f4xx_flash.o
LOAD ..\obj\system_stm32f4xx.o
LOAD ..\obj\syscalls.o
LOAD ..\obj\stm32f4xx_dma.o
LOAD ..\obj\stm32f4xx_spi.o
LOAD ..\obj\stm32f4xx_i2c.o
LOAD ..\obj\stm32f4xx_exti.o
LOAD ..\obj\misc.o
LOAD ..\obj\GPIO_LIBS.o
LOAD ..\obj\stm32f4xx_tim.o
LOAD C:\Program Files (x86)\GNU Tools ARM Embedded\4.9 2014q4\arm-none-eabi\lib\armv7e-m\fpu\libm.a
START GROUP
LOAD c:/program files (x86)/gnu tools arm embedded/4.9 2014q4/bin/../lib/gcc/arm-none-eabi/4.9.3/armv7e-m/fpu\libgcc.a
LOAD C:\Program Files (x86)\GNU Tools ARM Embedded\4.9 2014q4\arm-none-eabi\lib\armv7e-m\fpu\libg.a
LOAD C:\Program Files (x86)\GNU Tools ARM Embedded\4.9 2014q4\arm-none-eabi\lib\armv7e-m\fpu\libc.a
END GROUP
OUTPUT(Project.elf elf32-littlearm)

.debug_info     0x00000000     0x9991
 .debug_info    0x00000000      0x121 ..\obj\Led7_emulator.o
 .debug_info    0x00000121      0x3bc ..\obj\delay.o
 .debug_info    0x000004dd      0x94c ..\obj\Led7.o
 .debug_info    0x00000e29      0x9c2 ..\obj\stm32f4xx_usart.o
 .debug_info    0x000017eb      0x916 ..\obj\COM1_F4.o
 .debug_info    0x00002101       0xed ..\obj\startup_stm32f4xx.o
 .debug_info    0x000021ee      0x74f ..\obj\main.o
 .debug_info    0x0000293d      0xc4d ..\obj\stm32f4xx_rcc.o
 .debug_info    0x0000358a      0xc38 ..\obj\stm32f4xx_adc.o
 .debug_info    0x000041c2      0x8f5 ..\obj\stm32f4xx_fsmc.o
 .debug_info    0x00004ab7      0xb7a ..\obj\TFT.o
 .debug_info    0x00005631      0x602 ..\obj\stm32f4xx_gpio.o
 .debug_info    0x00005c33      0x592 ..\obj\system_stm32f4xx.o
 .debug_info    0x000061c5      0x3ee ..\obj\syscalls.o
 .debug_info    0x000065b3      0x739 ..\obj\stm32f4xx_dma.o
 .debug_info    0x00006cec      0xb07 ..\obj\stm32f4xx_spi.o
 .debug_info    0x000077f3      0x53d ..\obj\misc.o
 .debug_info    0x00007d30     0x1c61 ..\obj\stm32f4xx_tim.o

.debug_abbrev   0x00000000     0x18b5
 .debug_abbrev  0x00000000       0x9d ..\obj\Led7_emulator.o
 .debug_abbrev  0x0000009d      0x10b ..\obj\delay.o
 .debug_abbrev  0x000001a8      0x1eb ..\obj\Led7.o
 .debug_abbrev  0x00000393      0x155 ..\obj\stm32f4xx_usart.o
 .debug_abbrev  0x000004e8      0x15c ..\obj\COM1_F4.o
 .debug_abbrev  0x00000644       0xb0 ..\obj\startup_stm32f4xx.o
 .debug_abbrev  0x000006f4      0x15c ..\obj\main.o
 .debug_abbrev  0x00000850      0x1e3 ..\obj\stm32f4xx_rcc.o
 .debug_abbrev  0x00000a33      0x196 ..\obj\stm32f4xx_adc.o
 .debug_abbrev  0x00000bc9      0x170 ..\obj\stm32f4xx_fsmc.o
 .debug_abbrev  0x00000d39      0x239 ..\obj\TFT.o
 .debug_abbrev  0x00000f72      0x1a3 ..\obj\stm32f4xx_gpio.o
 .debug_abbrev  0x00001115      0x136 ..\obj\system_stm32f4xx.o
 .debug_abbrev  0x0000124b       0xe2 ..\obj\syscalls.o
 .debug_abbrev  0x0000132d      0x155 ..\obj\stm32f4xx_dma.o
 .debug_abbrev  0x00001482      0x167 ..\obj\stm32f4xx_spi.o
 .debug_abbrev  0x000015e9      0x145 ..\obj\misc.o
 .debug_abbrev  0x0000172e      0x187 ..\obj\stm32f4xx_tim.o

.debug_aranges  0x00000000      0xc98
 .debug_aranges
                0x00000000       0x28 ..\obj\Led7_emulator.o
 .debug_aranges
                0x00000028       0x30 ..\obj\delay.o
 .debug_aranges
                0x00000058       0x48 ..\obj\Led7.o
 .debug_aranges
                0x000000a0      0x100 ..\obj\stm32f4xx_usart.o
 .debug_aranges
                0x000001a0       0x50 ..\obj\COM1_F4.o
 .debug_aranges
                0x000001f0       0x28 ..\obj\startup_stm32f4xx.o
 .debug_aranges
                0x00000218       0x40 ..\obj\main.o
 .debug_aranges
                0x00000258      0x178 ..\obj\stm32f4xx_rcc.o
 .debug_aranges
                0x000003d0      0x148 ..\obj\stm32f4xx_adc.o
 .debug_aranges
                0x00000518       0xb0 ..\obj\stm32f4xx_fsmc.o
 .debug_aranges
                0x000005c8       0xf0 ..\obj\TFT.o
 .debug_aranges
                0x000006b8       0x88 ..\obj\stm32f4xx_gpio.o
 .debug_aranges
                0x00000740       0x30 ..\obj\system_stm32f4xx.o
 .debug_aranges
                0x00000770       0x60 ..\obj\syscalls.o
 .debug_aranges
                0x000007d0       0xb0 ..\obj\stm32f4xx_dma.o
 .debug_aranges
                0x00000880       0xe0 ..\obj\stm32f4xx_spi.o
 .debug_aranges
                0x00000960       0x40 ..\obj\misc.o
 .debug_aranges
                0x000009a0      0x2f8 ..\obj\stm32f4xx_tim.o

.debug_ranges   0x00000000      0xb78
 .debug_ranges  0x00000000       0x18 ..\obj\Led7_emulator.o
 .debug_ranges  0x00000018       0x20 ..\obj\delay.o
 .debug_ranges  0x00000038       0x38 ..\obj\Led7.o
 .debug_ranges  0x00000070       0xf0 ..\obj\stm32f4xx_usart.o
 .debug_ranges  0x00000160       0x40 ..\obj\COM1_F4.o
 .debug_ranges  0x000001a0       0x18 ..\obj\startup_stm32f4xx.o
 .debug_ranges  0x000001b8       0x30 ..\obj\main.o
 .debug_ranges  0x000001e8      0x168 ..\obj\stm32f4xx_rcc.o
 .debug_ranges  0x00000350      0x138 ..\obj\stm32f4xx_adc.o
 .debug_ranges  0x00000488       0xa0 ..\obj\stm32f4xx_fsmc.o
 .debug_ranges  0x00000528       0xe0 ..\obj\TFT.o
 .debug_ranges  0x00000608       0x78 ..\obj\stm32f4xx_gpio.o
 .debug_ranges  0x00000680       0x20 ..\obj\system_stm32f4xx.o
 .debug_ranges  0x000006a0       0x50 ..\obj\syscalls.o
 .debug_ranges  0x000006f0       0xa0 ..\obj\stm32f4xx_dma.o
 .debug_ranges  0x00000790       0xd0 ..\obj\stm32f4xx_spi.o
 .debug_ranges  0x00000860       0x30 ..\obj\misc.o
 .debug_ranges  0x00000890      0x2e8 ..\obj\stm32f4xx_tim.o

.debug_line     0x00000000     0x4713
 .debug_line    0x00000000      0x21a ..\obj\Led7_emulator.o
 .debug_line    0x0000021a      0x26d ..\obj\delay.o
 .debug_line    0x00000487      0x353 ..\obj\Led7.o
 .debug_line    0x000007da      0x4ed ..\obj\stm32f4xx_usart.o
 .debug_line    0x00000cc7      0x33b ..\obj\COM1_F4.o
 .debug_line    0x00001002       0xb1 ..\obj\startup_stm32f4xx.o
 .debug_line    0x000010b3      0x353 ..\obj\main.o
 .debug_line    0x00001406      0x5ec ..\obj\stm32f4xx_rcc.o
 .debug_line    0x000019f2      0x59d ..\obj\stm32f4xx_adc.o
 .debug_line    0x00001f8f      0x49f ..\obj\stm32f4xx_fsmc.o
 .debug_line    0x0000242e      0x5b0 ..\obj\TFT.o
 .debug_line    0x000029de      0x38e ..\obj\stm32f4xx_gpio.o
 .debug_line    0x00002d6c      0x21c ..\obj\system_stm32f4xx.o
 .debug_line    0x00002f88      0x182 ..\obj\syscalls.o
 .debug_line    0x0000310a      0x427 ..\obj\stm32f4xx_dma.o
 .debug_line    0x00003531      0x49d ..\obj\stm32f4xx_spi.o
 .debug_line    0x000039ce      0x290 ..\obj\misc.o
 .debug_line    0x00003c5e      0xab5 ..\obj\stm32f4xx_tim.o

.debug_str      0x00000000     0x3f00
 .debug_str     0x00000000      0x183 ..\obj\Led7_emulator.o
                                0x1c9 (size before relaxing)
 .debug_str     0x00000183      0x24c ..\obj\delay.o
                                0x3c7 (size before relaxing)
 .debug_str     0x000003cf      0x6d4 ..\obj\Led7.o
                                0xa38 (size before relaxing)
 .debug_str     0x00000aa3      0x4c2 ..\obj\stm32f4xx_usart.o
                                0x6c1 (size before relaxing)
 .debug_str     0x00000f65      0x342 ..\obj\COM1_F4.o
                                0xc21 (size before relaxing)
 .debug_str     0x000012a7       0xbf ..\obj\startup_stm32f4xx.o
                                0x179 (size before relaxing)
 .debug_str     0x00001366      0x2b5 ..\obj\main.o
                                0x6c5 (size before relaxing)
 .debug_str     0x0000161b      0x5f2 ..\obj\stm32f4xx_rcc.o
                                0x882 (size before relaxing)
 .debug_str     0x00001c0d      0x506 ..\obj\stm32f4xx_adc.o
                                0x836 (size before relaxing)
 .debug_str     0x00002113      0x5ea ..\obj\stm32f4xx_fsmc.o
                                0x7bc (size before relaxing)
 .debug_str     0x000026fd      0x27f ..\obj\TFT.o
                                0x7bd (size before relaxing)
 .debug_str     0x0000297c      0x1b2 ..\obj\stm32f4xx_gpio.o
                                0x4d5 (size before relaxing)
 .debug_str     0x00002b2e      0x127 ..\obj\system_stm32f4xx.o
                                0x3dc (size before relaxing)
 .debug_str     0x00002c55      0x172 ..\obj\syscalls.o
                                0x313 (size before relaxing)
 .debug_str     0x00002dc7      0x276 ..\obj\stm32f4xx_dma.o
                                0x574 (size before relaxing)
 .debug_str     0x0000303d      0x2ff ..\obj\stm32f4xx_spi.o
                                0x6bc (size before relaxing)
 .debug_str     0x0000333c      0x138 ..\obj\misc.o
                                0x400 (size before relaxing)
 .debug_str     0x00003474      0xa8c ..\obj\stm32f4xx_tim.o
                                0xe02 (size before relaxing)

.comment        0x00000000       0x70
 .comment       0x00000000       0x70 ..\obj\Led7_emulator.o
                                 0x71 (size before relaxing)
 .comment       0x00000000       0x71 ..\obj\delay.o
 .comment       0x00000000       0x71 ..\obj\Led7.o
 .comment       0x00000000       0x71 ..\obj\stm32f4xx_usart.o
 .comment       0x00000000       0x71 ..\obj\COM1_F4.o
 .comment       0x00000000       0x71 ..\obj\startup_stm32f4xx.o
 .comment       0x00000000       0x71 ..\obj\main.o
 .comment       0x00000000       0x71 ..\obj\stm32f4xx_rcc.o
 .comment       0x00000000       0x71 ..\obj\stm32f4xx_adc.o
 .comment       0x00000000       0x71 ..\obj\stm32f4xx_fsmc.o
 .comment       0x00000000       0x71 ..\obj\TFT.o
 .comment       0x00000000       0x71 ..\obj\stm32f4xx_gpio.o
 .comment       0x00000000       0x71 ..\obj\system_stm32f4xx.o
 .comment       0x00000000       0x71 ..\obj\syscalls.o
 .comment       0x00000000       0x71 ..\obj\stm32f4xx_dma.o
 .comment       0x00000000       0x71 ..\obj\stm32f4xx_spi.o
 .comment       0x00000000       0x71 ..\obj\misc.o
 .comment       0x00000000       0x71 ..\obj\stm32f4xx_tim.o

.ARM.attributes
                0x00000000       0x37
 .ARM.attributes
                0x00000000       0x39 ..\obj\Led7_emulator.o
 .ARM.attributes
                0x00000039       0x39 ..\obj\delay.o
 .ARM.attributes
                0x00000072       0x39 ..\obj\Led7.o
 .ARM.attributes
                0x000000ab       0x39 ..\obj\stm32f4xx_usart.o
 .ARM.attributes
                0x000000e4       0x39 ..\obj\COM1_F4.o
 .ARM.attributes
                0x0000011d       0x39 ..\obj\startup_stm32f4xx.o
 .ARM.attributes
                0x00000156       0x39 ..\obj\main.o
 .ARM.attributes
                0x0000018f       0x39 ..\obj\stm32f4xx_rcc.o
 .ARM.attributes
                0x000001c8       0x39 ..\obj\stm32f4xx_adc.o
 .ARM.attributes
                0x00000201       0x39 ..\obj\stm32f4xx_fsmc.o
 .ARM.attributes
                0x0000023a       0x39 ..\obj\TFT.o
 .ARM.attributes
                0x00000273       0x39 ..\obj\stm32f4xx_gpio.o
 .ARM.attributes
                0x000002ac       0x39 ..\obj\system_stm32f4xx.o
 .ARM.attributes
                0x000002e5       0x39 ..\obj\syscalls.o
 .ARM.attributes
                0x0000031e       0x39 ..\obj\stm32f4xx_dma.o
 .ARM.attributes
                0x00000357       0x39 ..\obj\stm32f4xx_spi.o
 .ARM.attributes
                0x00000390       0x39 ..\obj\misc.o
 .ARM.attributes
                0x000003c9       0x39 ..\obj\stm32f4xx_tim.o
 .ARM.attributes
                0x00000402       0x20 C:\Program Files (x86)\GNU Tools ARM Embedded\4.9 2014q4\arm-none-eabi\lib\armv7e-m\fpu\libg.a(lib_a-memcpy.o)
 .ARM.attributes
                0x00000422       0x34 C:\Program Files (x86)\GNU Tools ARM Embedded\4.9 2014q4\arm-none-eabi\lib\armv7e-m\fpu\libg.a(lib_a-sprintf.o)
 .ARM.attributes
                0x00000456       0x34 C:\Program Files (x86)\GNU Tools ARM Embedded\4.9 2014q4\arm-none-eabi\lib\armv7e-m\fpu\libg.a(lib_a-svfprintf.o)
 .ARM.attributes
                0x0000048a       0x34 C:\Program Files (x86)\GNU Tools ARM Embedded\4.9 2014q4\arm-none-eabi\lib\armv7e-m\fpu\libg.a(lib_a-dtoa.o)
 .ARM.attributes
                0x000004be       0x34 C:\Program Files (x86)\GNU Tools ARM Embedded\4.9 2014q4\arm-none-eabi\lib\armv7e-m\fpu\libg.a(lib_a-impure.o)
 .ARM.attributes
                0x000004f2       0x34 C:\Program Files (x86)\GNU Tools ARM Embedded\4.9 2014q4\arm-none-eabi\lib\armv7e-m\fpu\libg.a(lib_a-locale.o)
 .ARM.attributes
                0x00000526       0x34 C:\Program Files (x86)\GNU Tools ARM Embedded\4.9 2014q4\arm-none-eabi\lib\armv7e-m\fpu\libg.a(lib_a-mallocr.o)
 .ARM.attributes
                0x0000055a       0x34 C:\Program Files (x86)\GNU Tools ARM Embedded\4.9 2014q4\arm-none-eabi\lib\armv7e-m\fpu\libg.a(lib_a-memchr.o)
 .ARM.attributes
                0x0000058e       0x34 C:\Program Files (x86)\GNU Tools ARM Embedded\4.9 2014q4\arm-none-eabi\lib\armv7e-m\fpu\libg.a(lib_a-mlock.o)
 .ARM.attributes
                0x000005c2       0x34 C:\Program Files (x86)\GNU Tools ARM Embedded\4.9 2014q4\arm-none-eabi\lib\armv7e-m\fpu\libg.a(lib_a-mprec.o)
 .ARM.attributes
                0x000005f6       0x34 C:\Program Files (x86)\GNU Tools ARM Embedded\4.9 2014q4\arm-none-eabi\lib\armv7e-m\fpu\libg.a(lib_a-s_fpclassify.o)
 .ARM.attributes
                0x0000062a       0x34 C:\Program Files (x86)\GNU Tools ARM Embedded\4.9 2014q4\arm-none-eabi\lib\armv7e-m\fpu\libg.a(lib_a-sbrkr.o)
 .ARM.attributes
                0x0000065e       0x34 C:\Program Files (x86)\GNU Tools ARM Embedded\4.9 2014q4\arm-none-eabi\lib\armv7e-m\fpu\libg.a(lib_a-strlen.o)
 .ARM.attributes
                0x00000692       0x34 C:\Program Files (x86)\GNU Tools ARM Embedded\4.9 2014q4\arm-none-eabi\lib\armv7e-m\fpu\libg.a(lib_a-svfiprintf.o)
 .ARM.attributes
                0x000006c6       0x34 C:\Program Files (x86)\GNU Tools ARM Embedded\4.9 2014q4\arm-none-eabi\lib\armv7e-m\fpu\libg.a(lib_a-callocr.o)
 .ARM.attributes
                0x000006fa       0x34 C:\Program Files (x86)\GNU Tools ARM Embedded\4.9 2014q4\arm-none-eabi\lib\armv7e-m\fpu\libg.a(lib_a-freer.o)
 .ARM.attributes
                0x0000072e       0x34 C:\Program Files (x86)\GNU Tools ARM Embedded\4.9 2014q4\arm-none-eabi\lib\armv7e-m\fpu\libg.a(lib_a-memmove.o)
 .ARM.attributes
                0x00000762       0x34 C:\Program Files (x86)\GNU Tools ARM Embedded\4.9 2014q4\arm-none-eabi\lib\armv7e-m\fpu\libg.a(lib_a-memset.o)
 .ARM.attributes
                0x00000796       0x34 C:\Program Files (x86)\GNU Tools ARM Embedded\4.9 2014q4\arm-none-eabi\lib\armv7e-m\fpu\libg.a(lib_a-reallocr.o)
 .ARM.attributes
                0x000007ca       0x34 C:\Program Files (x86)\GNU Tools ARM Embedded\4.9 2014q4\arm-none-eabi\lib\armv7e-m\fpu\libg.a(lib_a-reent.o)
 .ARM.attributes
                0x000007fe       0x22 c:/program files (x86)/gnu tools arm embedded/4.9 2014q4/bin/../lib/gcc/arm-none-eabi/4.9.3/armv7e-m/fpu\libgcc.a(_arm_addsubdf3.o)
 .ARM.attributes
                0x00000820       0x22 c:/program files (x86)/gnu tools arm embedded/4.9 2014q4/bin/../lib/gcc/arm-none-eabi/4.9.3/armv7e-m/fpu\libgcc.a(_arm_muldivdf3.o)
 .ARM.attributes
                0x00000842       0x22 c:/program files (x86)/gnu tools arm embedded/4.9 2014q4/bin/../lib/gcc/arm-none-eabi/4.9.3/armv7e-m/fpu\libgcc.a(_arm_cmpdf2.o)
 .ARM.attributes
                0x00000864       0x22 c:/program files (x86)/gnu tools arm embedded/4.9 2014q4/bin/../lib/gcc/arm-none-eabi/4.9.3/armv7e-m/fpu\libgcc.a(_arm_fixdfsi.o)
 .ARM.attributes
                0x00000886       0x22 c:/program files (x86)/gnu tools arm embedded/4.9 2014q4/bin/../lib/gcc/arm-none-eabi/4.9.3/armv7e-m/fpu\libgcc.a(_aeabi_uldivmod.o)
 .ARM.attributes
                0x000008a8       0x34 c:/program files (x86)/gnu tools arm embedded/4.9 2014q4/bin/../lib/gcc/arm-none-eabi/4.9.3/armv7e-m/fpu\libgcc.a(bpabi.o)
 .ARM.attributes
                0x000008dc       0x22 c:/program files (x86)/gnu tools arm embedded/4.9 2014q4/bin/../lib/gcc/arm-none-eabi/4.9.3/armv7e-m/fpu\libgcc.a(_dvmd_tls.o)
 .ARM.attributes
                0x000008fe       0x34 c:/program files (x86)/gnu tools arm embedded/4.9 2014q4/bin/../lib/gcc/arm-none-eabi/4.9.3/armv7e-m/fpu\libgcc.a(_divdi3.o)
 .ARM.attributes
                0x00000932       0x34 c:/program files (x86)/gnu tools arm embedded/4.9 2014q4/bin/../lib/gcc/arm-none-eabi/4.9.3/armv7e-m/fpu\libgcc.a(_udivdi3.o)

.debug_frame    0x00000000     0x3f00
 .debug_frame   0x00000000       0x5c ..\obj\Led7_emulator.o
 .debug_frame   0x0000005c       0x80 ..\obj\delay.o
 .debug_frame   0x000000dc       0xec ..\obj\Led7.o
 .debug_frame   0x000001c8      0x490 ..\obj\stm32f4xx_usart.o
 .debug_frame   0x00000658       0xf4 ..\obj\COM1_F4.o
 .debug_frame   0x0000074c       0x4c ..\obj\startup_stm32f4xx.o
 .debug_frame   0x00000798       0xc0 ..\obj\main.o
 .debug_frame   0x00000858      0x6d4 ..\obj\stm32f4xx_rcc.o
 .debug_frame   0x00000f2c      0x5ec ..\obj\stm32f4xx_adc.o
 .debug_frame   0x00001518      0x300 ..\obj\stm32f4xx_fsmc.o
 .debug_frame   0x00001818      0x400 ..\obj\TFT.o
 .debug_frame   0x00001c18      0x23c ..\obj\stm32f4xx_gpio.o
 .debug_frame   0x00001e54       0x7c ..\obj\system_stm32f4xx.o
 .debug_frame   0x00001ed0      0x168 ..\obj\syscalls.o
 .debug_frame   0x00002038      0x308 ..\obj\stm32f4xx_dma.o
 .debug_frame   0x00002340      0x3f4 ..\obj\stm32f4xx_spi.o
 .debug_frame   0x00002734       0xd8 ..\obj\misc.o
 .debug_frame   0x0000280c      0xe54 ..\obj\stm32f4xx_tim.o
 .debug_frame   0x00003660       0x84 C:\Program Files (x86)\GNU Tools ARM Embedded\4.9 2014q4\arm-none-eabi\lib\armv7e-m\fpu\libg.a(lib_a-sprintf.o)
 .debug_frame   0x000036e4       0x40 C:\Program Files (x86)\GNU Tools ARM Embedded\4.9 2014q4\arm-none-eabi\lib\armv7e-m\fpu\libg.a(lib_a-svfprintf.o)
 .debug_frame   0x00003724       0x88 C:\Program Files (x86)\GNU Tools ARM Embedded\4.9 2014q4\arm-none-eabi\lib\armv7e-m\fpu\libg.a(lib_a-dtoa.o)
 .debug_frame   0x000037ac       0x9c C:\Program Files (x86)\GNU Tools ARM Embedded\4.9 2014q4\arm-none-eabi\lib\armv7e-m\fpu\libg.a(lib_a-locale.o)
 .debug_frame   0x00003848       0x58 C:\Program Files (x86)\GNU Tools ARM Embedded\4.9 2014q4\arm-none-eabi\lib\armv7e-m\fpu\libg.a(lib_a-mallocr.o)
 .debug_frame   0x000038a0       0x3c C:\Program Files (x86)\GNU Tools ARM Embedded\4.9 2014q4\arm-none-eabi\lib\armv7e-m\fpu\libg.a(lib_a-memchr.o)
 .debug_frame   0x000038dc       0x30 C:\Program Files (x86)\GNU Tools ARM Embedded\4.9 2014q4\arm-none-eabi\lib\armv7e-m\fpu\libg.a(lib_a-mlock.o)
 .debug_frame   0x0000390c      0x268 C:\Program Files (x86)\GNU Tools ARM Embedded\4.9 2014q4\arm-none-eabi\lib\armv7e-m\fpu\libg.a(lib_a-mprec.o)
 .debug_frame   0x00003b74       0x34 C:\Program Files (x86)\GNU Tools ARM Embedded\4.9 2014q4\arm-none-eabi\lib\armv7e-m\fpu\libg.a(lib_a-s_fpclassify.o)
 .debug_frame   0x00003ba8       0x2c C:\Program Files (x86)\GNU Tools ARM Embedded\4.9 2014q4\arm-none-eabi\lib\armv7e-m\fpu\libg.a(lib_a-sbrkr.o)
 .debug_frame   0x00003bd4       0x20 C:\Program Files (x86)\GNU Tools ARM Embedded\4.9 2014q4\arm-none-eabi\lib\armv7e-m\fpu\libg.a(lib_a-strlen.o)
 .debug_frame   0x00003bf4       0x78 C:\Program Files (x86)\GNU Tools ARM Embedded\4.9 2014q4\arm-none-eabi\lib\armv7e-m\fpu\libg.a(lib_a-svfiprintf.o)
 .debug_frame   0x00003c6c       0x28 C:\Program Files (x86)\GNU Tools ARM Embedded\4.9 2014q4\arm-none-eabi\lib\armv7e-m\fpu\libg.a(lib_a-callocr.o)
 .debug_frame   0x00003c94       0x74 C:\Program Files (x86)\GNU Tools ARM Embedded\4.9 2014q4\arm-none-eabi\lib\armv7e-m\fpu\libg.a(lib_a-freer.o)
 .debug_frame   0x00003d08       0x30 C:\Program Files (x86)\GNU Tools ARM Embedded\4.9 2014q4\arm-none-eabi\lib\armv7e-m\fpu\libg.a(lib_a-memmove.o)
 .debug_frame   0x00003d38       0x34 C:\Program Files (x86)\GNU Tools ARM Embedded\4.9 2014q4\arm-none-eabi\lib\armv7e-m\fpu\libg.a(lib_a-memset.o)
 .debug_frame   0x00003d6c       0x60 C:\Program Files (x86)\GNU Tools ARM Embedded\4.9 2014q4\arm-none-eabi\lib\armv7e-m\fpu\libg.a(lib_a-reallocr.o)
 .debug_frame   0x00003dcc       0x58 C:\Program Files (x86)\GNU Tools ARM Embedded\4.9 2014q4\arm-none-eabi\lib\armv7e-m\fpu\libg.a(lib_a-reent.o)
 .debug_frame   0x00003e24       0x28 c:/program files (x86)/gnu tools arm embedded/4.9 2014q4/bin/../lib/gcc/arm-none-eabi/4.9.3/armv7e-m/fpu\libgcc.a(_aeabi_uldivmod.o)
 .debug_frame   0x00003e4c       0x50 c:/program files (x86)/gnu tools arm embedded/4.9 2014q4/bin/../lib/gcc/arm-none-eabi/4.9.3/armv7e-m/fpu\libgcc.a(bpabi.o)
 .debug_frame   0x00003e9c       0x34 c:/program files (x86)/gnu tools arm embedded/4.9 2014q4/bin/../lib/gcc/arm-none-eabi/4.9.3/armv7e-m/fpu\libgcc.a(_divdi3.o)
 .debug_frame   0x00003ed0       0x30 c:/program files (x86)/gnu tools arm embedded/4.9 2014q4/bin/../lib/gcc/arm-none-eabi/4.9.3/armv7e-m/fpu\libgcc.a(_udivdi3.o)
