Archive member included because of file (symbol)

c:/program files (x86)/gnu tools arm embedded/4.9 2014q4/bin/../lib/gcc/arm-none-eabi/4.9.3/armv7e-m/fpu\libgcc.a(_arm_addsubdf3.o)
                              ..\obj\PID.o (__aeabi_i2d)
c:/program files (x86)/gnu tools arm embedded/4.9 2014q4/bin/../lib/gcc/arm-none-eabi/4.9.3/armv7e-m/fpu\libgcc.a(_arm_muldivdf3.o)
                              ..\obj\PID.o (__aeabi_dmul)
c:/program files (x86)/gnu tools arm embedded/4.9 2014q4/bin/../lib/gcc/arm-none-eabi/4.9.3/armv7e-m/fpu\libgcc.a(_arm_fixdfsi.o)
                              ..\obj\PID.o (__aeabi_d2iz)
..\..\..\..\..\..\Program Files (x86)\GNU Tools ARM Embedded\4.9 2014q4\arm-none-eabi\lib\armv7e-m\fpu\libg.a(lib_a-memcpy.o)
                              ..\obj\COM1_F4.o (memcpy)
..\..\..\..\..\..\Program Files (x86)\GNU Tools ARM Embedded\4.9 2014q4\arm-none-eabi\lib\armv7e-m\fpu\libg.a(lib_a-sprintf.o)
                              ..\obj\main.o (sprintf)
..\..\..\..\..\..\Program Files (x86)\GNU Tools ARM Embedded\4.9 2014q4\arm-none-eabi\lib\armv7e-m\fpu\libg.a(lib_a-svfprintf.o)
                              ..\..\..\..\..\..\Program Files (x86)\GNU Tools ARM Embedded\4.9 2014q4\arm-none-eabi\lib\armv7e-m\fpu\libg.a(lib_a-sprintf.o) (_svfprintf_r)
..\..\..\..\..\..\Program Files (x86)\GNU Tools ARM Embedded\4.9 2014q4\arm-none-eabi\lib\armv7e-m\fpu\libg.a(lib_a-dtoa.o)
                              ..\..\..\..\..\..\Program Files (x86)\GNU Tools ARM Embedded\4.9 2014q4\arm-none-eabi\lib\armv7e-m\fpu\libg.a(lib_a-svfprintf.o) (_dtoa_r)
..\..\..\..\..\..\Program Files (x86)\GNU Tools ARM Embedded\4.9 2014q4\arm-none-eabi\lib\armv7e-m\fpu\libg.a(lib_a-impure.o)
                              ..\..\..\..\..\..\Program Files (x86)\GNU Tools ARM Embedded\4.9 2014q4\arm-none-eabi\lib\armv7e-m\fpu\libg.a(lib_a-sprintf.o) (_impure_ptr)
..\..\..\..\..\..\Program Files (x86)\GNU Tools ARM Embedded\4.9 2014q4\arm-none-eabi\lib\armv7e-m\fpu\libg.a(lib_a-locale.o)
                              ..\..\..\..\..\..\Program Files (x86)\GNU Tools ARM Embedded\4.9 2014q4\arm-none-eabi\lib\armv7e-m\fpu\libg.a(lib_a-svfprintf.o) (_localeconv_r)
..\..\..\..\..\..\Program Files (x86)\GNU Tools ARM Embedded\4.9 2014q4\arm-none-eabi\lib\armv7e-m\fpu\libg.a(lib_a-mallocr.o)
                              ..\..\..\..\..\..\Program Files (x86)\GNU Tools ARM Embedded\4.9 2014q4\arm-none-eabi\lib\armv7e-m\fpu\libg.a(lib_a-svfprintf.o) (_malloc_r)
..\..\..\..\..\..\Program Files (x86)\GNU Tools ARM Embedded\4.9 2014q4\arm-none-eabi\lib\armv7e-m\fpu\libg.a(lib_a-memchr.o)
                              ..\..\..\..\..\..\Program Files (x86)\GNU Tools ARM Embedded\4.9 2014q4\arm-none-eabi\lib\armv7e-m\fpu\libg.a(lib_a-svfprintf.o) (memchr)
..\..\..\..\..\..\Program Files (x86)\GNU Tools ARM Embedded\4.9 2014q4\arm-none-eabi\lib\armv7e-m\fpu\libg.a(lib_a-mlock.o)
                              ..\..\..\..\..\..\Program Files (x86)\GNU Tools ARM Embedded\4.9 2014q4\arm-none-eabi\lib\armv7e-m\fpu\libg.a(lib_a-mallocr.o) (__malloc_lock)
..\..\..\..\..\..\Program Files (x86)\GNU Tools ARM Embedded\4.9 2014q4\arm-none-eabi\lib\armv7e-m\fpu\libg.a(lib_a-mprec.o)
                              ..\..\..\..\..\..\Program Files (x86)\GNU Tools ARM Embedded\4.9 2014q4\arm-none-eabi\lib\armv7e-m\fpu\libg.a(lib_a-dtoa.o) (_Balloc)
..\..\..\..\..\..\Program Files (x86)\GNU Tools ARM Embedded\4.9 2014q4\arm-none-eabi\lib\armv7e-m\fpu\libg.a(lib_a-s_fpclassify.o)
                              ..\..\..\..\..\..\Program Files (x86)\GNU Tools ARM Embedded\4.9 2014q4\arm-none-eabi\lib\armv7e-m\fpu\libg.a(lib_a-svfprintf.o) (__fpclassifyd)
..\..\..\..\..\..\Program Files (x86)\GNU Tools ARM Embedded\4.9 2014q4\arm-none-eabi\lib\armv7e-m\fpu\libg.a(lib_a-sbrkr.o)
                              ..\..\..\..\..\..\Program Files (x86)\GNU Tools ARM Embedded\4.9 2014q4\arm-none-eabi\lib\armv7e-m\fpu\libg.a(lib_a-mallocr.o) (_sbrk_r)
..\..\..\..\..\..\Program Files (x86)\GNU Tools ARM Embedded\4.9 2014q4\arm-none-eabi\lib\armv7e-m\fpu\libg.a(lib_a-strcmp.o)
                              ..\..\..\..\..\..\Program Files (x86)\GNU Tools ARM Embedded\4.9 2014q4\arm-none-eabi\lib\armv7e-m\fpu\libg.a(lib_a-locale.o) (strcmp)
..\..\..\..\..\..\Program Files (x86)\GNU Tools ARM Embedded\4.9 2014q4\arm-none-eabi\lib\armv7e-m\fpu\libg.a(lib_a-strlen.o)
                              ..\..\..\..\..\..\Program Files (x86)\GNU Tools ARM Embedded\4.9 2014q4\arm-none-eabi\lib\armv7e-m\fpu\libg.a(lib_a-svfprintf.o) (strlen)
..\..\..\..\..\..\Program Files (x86)\GNU Tools ARM Embedded\4.9 2014q4\arm-none-eabi\lib\armv7e-m\fpu\libg.a(lib_a-svfiprintf.o)
                              ..\..\..\..\..\..\Program Files (x86)\GNU Tools ARM Embedded\4.9 2014q4\arm-none-eabi\lib\armv7e-m\fpu\libg.a(lib_a-svfprintf.o) (__ssprint_r)
[...]
Memory Configuration

Name             Origin             Length             Attributes
rom              0x08000000         0x00100000         xr
ram              0x20000000         0x00020000         xrw
ram1             0x10000000         0x00010000         xrw
*default*        0x00000000         0xffffffff

Linker script and memory map

                0x20020000                _eram = 0x20020000

.text           0x08000000     0x7b4c
 *(.isr_vector .isr_vector.*)
 .isr_vector    0x08000000      0x188 ..\obj\startup_stm32f4xx.o
                0x08000000                g_pfnVectors
 *(.text .text.* .gnu.linkonce.t.*)
 .text.Draw_char
                0x08000188     0x1038 ..\obj\Led7_emulator.o
                0x08000188                Draw_char
 .text.Led7_em_str
                0x080011c0       0x44 ..\obj\Led7_emulator.o
                0x080011c0                Led7_em_str
 .text.delay_Init
                0x08001204       0x3c ..\obj\delay.o
                0x08001204                delay_Init
 .text.delay_us
                0x08001240       0x2c ..\obj\delay.o
                0x08001240                delay_us
 .text.delay_ms
                0x0800126c       0x24 ..\obj\delay.o
                0x0800126c                delay_ms
 .text.USART_ReceiveData
                0x08001290       0x20 ..\obj\stm32f4xx_usart.o
                0x08001290                USART_ReceiveData
 .text.USART_DMACmd
                0x080012b0       0x48 ..\obj\stm32f4xx_usart.o
                0x080012b0                USART_DMACmd
 .text.USART_ITConfig
                0x080012f8       0x90 ..\obj\stm32f4xx_usart.o
                0x080012f8                USART_ITConfig
 .text.USART_GetITStatus
                0x08001388       0xb8 ..\obj\stm32f4xx_usart.o
                0x08001388                USART_GetITStatus
 .text.USART_ClearITPendingBit
                0x08001440       0x38 ..\obj\stm32f4xx_usart.o
                0x08001440                USART_ClearITPendingBit
 .text.DMA2_Stream7_IRQHandler
                0x08001478       0x48 ..\obj\COM1_F4.o
                0x08001478                DMA2_Stream7_IRQHandler
 .text.USART1_IRQHandler
                0x080014c0       0xac ..\obj\COM1_F4.o
                0x080014c0                USART1_IRQHandler
 .text.Default_Reset_Handler
                0x0800156c       0x68 ..\obj\startup_stm32f4xx.o
                0x0800156c                Default_Reset_Handler
                0x0800156c                Reset_Handler
 .text.Default_Handler
                0x080015d4        0x8 ..\obj\startup_stm32f4xx.o
                0x080015d4                RTC_Alarm_IRQHandler
                0x080015d4                HASH_RNG_IRQHandler
                0x080015d4                EXTI2_IRQHandler
                0x080015d4                TIM8_CC_IRQHandler
                0x080015d4                DebugMon_Handler
                0x080015d4                TIM1_CC_IRQHandler
                0x080015d4                DMA2_Stream5_IRQHandler
                0x080015d4                HardFault_Handler
                0x080015d4                DMA1_Stream5_IRQHandler
                0x080015d4                SysTick_Handler
                0x080015d4                PVD_IRQHandler
                0x080015d4                SDIO_IRQHandler
                0x080015d4                TAMP_STAMP_IRQHandler
                0x080015d4                PendSV_Handler
                0x080015d4                NMI_Handler
                0x080015d4                CAN2_RX1_IRQHandler
                0x080015d4                EXTI3_IRQHandler
                0x080015d4                TIM8_TRG_COM_TIM14_IRQHandler
                0x080015d4                TIM1_UP_TIM10_IRQHandler
                0x080015d4                TIM8_UP_TIM13_IRQHandler
                0x080015d4                I2C3_ER_IRQHandler
                0x080015d4                EXTI0_IRQHandler
                0x080015d4                I2C2_EV_IRQHandler
                0x080015d4                DMA1_Stream2_IRQHandler
                0x080015d4                CAN1_RX0_IRQHandler
                0x080015d4                FPU_IRQHandler
                0x080015d4                OTG_HS_WKUP_IRQHandler
                0x080015d4                UsageFault_Handler
                0x080015d4                CAN2_SCE_IRQHandler
                0x080015d4                DMA2_Stream2_IRQHandler
                0x080015d4                SPI1_IRQHandler
                0x080015d4                TIM6_DAC_IRQHandler
                0x080015d4                TIM1_BRK_TIM9_IRQHandler
                0x080015d4                DCMI_IRQHandler
                0x080015d4                CAN2_RX0_IRQHandler
                0x080015d4                DMA2_Stream3_IRQHandler
                0x080015d4                USART6_IRQHandler
                0x080015d4                USART3_IRQHandler
                0x080015d4                CRYP_IRQHandler
                0x080015d4                CAN1_RX1_IRQHandler
                0x080015d4                UART5_IRQHandler
                0x080015d4                DMA2_Stream0_IRQHandler
                0x080015d4                TIM4_IRQHandler
                0x080015d4                I2C1_EV_IRQHandler
                0x080015d4                DMA1_Stream6_IRQHandler
                0x080015d4                DMA1_Stream1_IRQHandler
                0x080015d4                UART4_IRQHandler
                0x080015d4                TIM3_IRQHandler
                0x080015d4                RCC_IRQHandler
                0x080015d4                TIM8_BRK_TIM12_IRQHandler
                0x080015d4                EXTI15_10_IRQHandler
                0x080015d4                ADC_IRQHandler
                0x080015d4                DMA1_Stream7_IRQHandler
                0x080015d4                CAN2_TX_IRQHandler
                0x080015d4                TIM5_IRQHandler
                0x080015d4                I2C3_EV_IRQHandler
                0x080015d4                EXTI9_5_IRQHandler
                0x080015d4                RTC_WKUP_IRQHandler
                0x080015d4                ETH_WKUP_IRQHandler
                0x080015d4                SPI2_IRQHandler
                0x080015d4                OTG_HS_EP1_IN_IRQHandler
                0x080015d4                MemManage_Handler
                0x080015d4                DMA1_Stream0_IRQHandler
                0x080015d4                CAN1_TX_IRQHandler
                0x080015d4                SVC_Handler
                0x080015d4                EXTI4_IRQHandler
                0x080015d4                FSMC_IRQHandler
                0x080015d4                ETH_IRQHandler
                0x080015d4                OTG_HS_EP1_OUT_IRQHandler
                0x080015d4                WWDG_IRQHandler
                0x080015d4                TIM2_IRQHandler
                0x080015d4                OTG_FS_WKUP_IRQHandler
                0x080015d4                TIM1_TRG_COM_TIM11_IRQHandler
                0x080015d4                OTG_HS_IRQHandler
                0x080015d4                EXTI1_IRQHandler
                0x080015d4                USART2_IRQHandler
                0x080015d4                I2C2_ER_IRQHandler
                0x080015d4                DMA2_Stream1_IRQHandler
                0x080015d4                CAN1_SCE_IRQHandler
                0x080015d4                FLASH_IRQHandler
                0x080015d4                DMA2_Stream4_IRQHandler
                0x080015d4                BusFault_Handler
                0x080015d4                OTG_FS_IRQHandler
                0x080015d4                SPI3_IRQHandler
                0x080015d4                DMA1_Stream4_IRQHandler
                0x080015d4                I2C1_ER_IRQHandler
                0x080015d4                DMA2_Stream6_IRQHandler
                0x080015d4                DMA1_Stream3_IRQHandler
 .text.Set_pwm  0x080015dc       0x28 ..\obj\main.o
                0x080015dc                Set_pwm
 .text.In_ini   0x08001604       0x98 ..\obj\main.o
                0x08001604                In_ini
 .text.TIM7_IRQHandler
                0x0800169c       0xb8 ..\obj\main.o
                0x0800169c                TIM7_IRQHandler
 .text.pwm_init
                0x08001754       0x90 ..\obj\main.o
                0x08001754                pwm_init
 .text.keys_ini
                0x080017e4       0x38 ..\obj\main.o
                0x080017e4                keys_ini
 .text.dp       0x0800181c       0x84 ..\obj\main.o
                0x0800181c                dp
 .text.main     0x080018a0      0x120 ..\obj\main.o
                0x080018a0                main
 .text.RCC_AHB1PeriphClockCmd
                0x080019c0       0x3c ..\obj\stm32f4xx_rcc.o
                0x080019c0                RCC_AHB1PeriphClockCmd
 .text.RCC_AHB3PeriphClockCmd
                0x080019fc       0x3c ..\obj\stm32f4xx_rcc.o
                0x080019fc                RCC_AHB3PeriphClockCmd
 .text.RCC_APB1PeriphClockCmd
                0x08001a38       0x3c ..\obj\stm32f4xx_rcc.o
                0x08001a38                RCC_APB1PeriphClockCmd
 .text.FSMC_NORSRAMInit
                0x08001a74      0x134 ..\obj\stm32f4xx_fsmc.o
                0x08001a74                FSMC_NORSRAMInit
 .text.FSMC_NORSRAMCmd
                0x08001ba8       0x54 ..\obj\stm32f4xx_fsmc.o
                0x08001ba8                FSMC_NORSRAMCmd
 .text.GPIO_AF_FSMC_Config
                0x08001bfc       0xd8 ..\obj\TFT.o
 .text.LCD_GPIO_Config
                0x08001cd4       0xd8 ..\obj\TFT.o
 .text.LCD_FSMC_Config
                0x08001dac       0x84 ..\obj\TFT.o
 .text.uDelay   0x08001e30       0x48 ..\obj\TFT.o
                0x08001e30                uDelay
 .text.mDelay   0x08001e78       0x20 ..\obj\TFT.o
                0x08001e78                mDelay
 .text.TFT_Send_Cmd
                0x08001e98       0x20 ..\obj\TFT.o
                0x08001e98                TFT_Send_Cmd
 .text.TFT_Write_Data
                0x08001eb8       0x20 ..\obj\TFT.o
                0x08001eb8                TFT_Write_Data
 .text.TFT_SetOrientation
                0x08001ed8       0xb4 ..\obj\TFT.o
                0x08001ed8                TFT_SetOrientation
 .text.TFT_Init
                0x08001f8c      0x18c ..\obj\TFT.o
                0x08001f8c                TFT_Init
 .text.TFT_Send_Data
                0x08002118       0x30 ..\obj\TFT.o
                0x08002118                TFT_Send_Data
 .text.TFT_Set_Column
                0x08002148       0x2c ..\obj\TFT.o
                0x08002148                TFT_Set_Column
 .text.TFT_Set_Page
                0x08002174       0x2c ..\obj\TFT.o
                0x08002174                TFT_Set_Page
 .text.constrain
                0x080021a0       0x38 ..\obj\TFT.o
                0x080021a0                constrain
 .text.TFT_Fill_Screen
                0x080021d8      0x118 ..\obj\TFT.o
                0x080021d8                TFT_Fill_Screen
 .text.TFT_Fill_Rectangle
                0x080022f0       0x58 ..\obj\TFT.o
                0x080022f0                TFT_Fill_Rectangle
 .text.TFT_Draw_Horizontal_Line
                0x08002348       0x64 ..\obj\TFT.o
                0x08002348                TFT_Draw_Horizontal_Line
 .text.TFT_Draw_Vertical_Line
                0x080023ac       0x64 ..\obj\TFT.o
                0x080023ac                TFT_Draw_Vertical_Line
 .text.GPIO_Init
                0x08002410      0x11c ..\obj\stm32f4xx_gpio.o
                0x08002410                GPIO_Init
 .text.GPIO_ReadInputDataBit
                0x0800252c       0x34 ..\obj\stm32f4xx_gpio.o
                0x0800252c                GPIO_ReadInputDataBit
 .text.GPIO_SetBits
                0x08002560       0x1c ..\obj\stm32f4xx_gpio.o
                0x08002560                GPIO_SetBits
 .text.GPIO_ResetBits
                0x0800257c       0x1c ..\obj\stm32f4xx_gpio.o
                0x0800257c                GPIO_ResetBits
 .text.GPIO_PinAFConfig
                0x08002598       0x90 ..\obj\stm32f4xx_gpio.o
                0x08002598                GPIO_PinAFConfig
 .text.SystemInit
                0x08002628       0x68 ..\obj\system_stm32f4xx.o
                0x08002628                SystemInit
 .text.SetSysClock
                0x08002690       0xf4 ..\obj\system_stm32f4xx.o
 .text._sbrk    0x08002784       0x40 ..\obj\syscalls.o
                0x08002784                _sbrk
 .text.DMA_Cmd  0x080027c4       0x38 ..\obj\stm32f4xx_dma.o
                0x080027c4                DMA_Cmd
 .text.DMA_GetCurrDataCounter
                0x080027fc       0x1c ..\obj\stm32f4xx_dma.o
                0x080027fc                DMA_GetCurrDataCounter
 .text.DMA_ITConfig
                0x08002818       0x74 ..\obj\stm32f4xx_dma.o
                0x08002818                DMA_ITConfig
 .text.DMA_GetITStatus
                0x0800288c       0xb0 ..\obj\stm32f4xx_dma.o
                0x0800288c                DMA_GetITStatus
 .text.DMA_ClearITPendingBit
                0x0800293c       0x5c ..\obj\stm32f4xx_dma.o
                0x0800293c                DMA_ClearITPendingBit
 .text.PID      0x08002998      0x118 ..\obj\PID.o
                0x08002998                PID
 .text.NVIC_PriorityGroupConfig
                0x08002ab0       0x24 ..\obj\misc.o
                0x08002ab0                NVIC_PriorityGroupConfig
 .text.NVIC_Init
                0x08002ad4       0xc0 ..\obj\misc.o
                0x08002ad4                NVIC_Init
 .text.TM_GPIO_GetPortSource
                0x08002b94       0x24 ..\obj\GPIO_LIBS.o
 .text.TM_GPIO_INT_EnableClock
                0x08002bb8       0x2c ..\obj\GPIO_LIBS.o
 .text.GPIO_Ini
                0x08002be4       0x48 ..\obj\GPIO_LIBS.o
                0x08002be4                GPIO_Ini
 .text.TIM_TimeBaseInit
                0x08002c2c       0xd4 ..\obj\stm32f4xx_tim.o
                0x08002c2c                TIM_TimeBaseInit
 .text.TIM_TimeBaseStructInit
                0x08002d00       0x34 ..\obj\stm32f4xx_tim.o
                0x08002d00                TIM_TimeBaseStructInit
 .text.TIM_ARRPreloadConfig
                0x08002d34       0x40 ..\obj\stm32f4xx_tim.o
                0x08002d34                TIM_ARRPreloadConfig
 .text.TIM_Cmd  0x08002d74       0x40 ..\obj\stm32f4xx_tim.o
                0x08002d74                TIM_Cmd
 .text.TIM_OC1Init
                0x08002db4       0xf4 ..\obj\stm32f4xx_tim.o
                0x08002db4                TIM_OC1Init
 .text.TIM_OCStructInit
                0x08002ea8       0x44 ..\obj\stm32f4xx_tim.o
                0x08002ea8                TIM_OCStructInit
 .text.TIM_OC1PreloadConfig
                0x08002eec       0x38 ..\obj\stm32f4xx_tim.o
                0x08002eec                TIM_OC1PreloadConfig
 .text.TIM_ITConfig
                0x08002f24       0x48 ..\obj\stm32f4xx_tim.o
                0x08002f24                TIM_ITConfig
 .text.TIM_ClearITPendingBit
                0x08002f6c       0x20 ..\obj\stm32f4xx_tim.o
                0x08002f6c                TIM_ClearITPendingBit
 .text          0x08002f8c      0x370 c:/program files (x86)/gnu tools arm embedded/4.9 2014q4/bin/../lib/gcc/arm-none-eabi/4.9.3/armv7e-m/fpu\libgcc.a(_arm_addsubdf3.o)
                0x08002f8c                __aeabi_drsub
                0x08002f94                __aeabi_dsub
                0x08002f94                __subdf3
                0x08002f98                __aeabi_dadd
                0x08002f98                __adddf3
                0x08003210                __floatunsidf
                0x08003210                __aeabi_ui2d
                0x08003230                __floatsidf
                0x08003230                __aeabi_i2d
                0x08003254                __aeabi_f2d
                0x08003254                __extendsfdf2
                0x08003290                __floatundidf
                0x08003290                __aeabi_ul2d
                0x080032a0                __floatdidf
                0x080032a0                __aeabi_l2d
 .text          0x080032fc      0x424 c:/program files (x86)/gnu tools arm embedded/4.9 2014q4/bin/../lib/gcc/arm-none-eabi/4.9.3/armv7e-m/fpu\libgcc.a(_arm_muldivdf3.o)
                0x080032fc                __aeabi_dmul
                0x080032fc                __muldf3
                0x08003550                __divdf3
                0x08003550                __aeabi_ddiv
 .text          0x08003720       0x50 c:/program files (x86)/gnu tools arm embedded/4.9 2014q4/bin/../lib/gcc/arm-none-eabi/4.9.3/armv7e-m/fpu\libgcc.a(_arm_fixdfsi.o)
                0x08003720                __aeabi_d2iz
                0x08003720                __fixdfsi
 .text          0x08003770      0x134 ..\..\..\..\..\..\Program Files (x86)\GNU Tools ARM Embedded\4.9 2014q4\arm-none-eabi\lib\armv7e-m\fpu\libg.a(lib_a-memcpy.o)
                0x08003770                memcpy
 .text.sprintf  0x080038a4       0x4c ..\..\..\..\..\..\Program Files (x86)\GNU Tools ARM Embedded\4.9 2014q4\arm-none-eabi\lib\armv7e-m\fpu\libg.a(lib_a-sprintf.o)
                0x080038a4                sprintf
 .text._svfprintf_r
                0x080038f0     0x14d0 ..\..\..\..\..\..\Program Files (x86)\GNU Tools ARM Embedded\4.9 2014q4\arm-none-eabi\lib\armv7e-m\fpu\libg.a(lib_a-svfprintf.o)
                0x080038f0                _svfprintf_r
 .text.quorem   0x08004dc0      0x12c ..\..\..\..\..\..\Program Files (x86)\GNU Tools ARM Embedded\4.9 2014q4\arm-none-eabi\lib\armv7e-m\fpu\libg.a(lib_a-dtoa.o)
 *fill*         0x08004eec        0x4 
 .text._dtoa_r  0x08004ef0      0xea8 ..\..\..\..\..\..\Program Files (x86)\GNU Tools ARM Embedded\4.9 2014q4\arm-none-eabi\lib\armv7e-m\fpu\libg.a(lib_a-dtoa.o)
                0x08004ef0                _dtoa_r
 .text._localeconv_r
                0x08005d98        0x8 ..\..\..\..\..\..\Program Files (x86)\GNU Tools ARM Embedded\4.9 2014q4\arm-none-eabi\lib\armv7e-m\fpu\libg.a(lib_a-locale.o)
                0x08005d98                _localeconv_r
 .text._malloc_r
                0x08005da0      0x51c ..\..\..\..\..\..\Program Files (x86)\GNU Tools ARM Embedded\4.9 2014q4\arm-none-eabi\lib\armv7e-m\fpu\libg.a(lib_a-mallocr.o)
                0x08005da0                _malloc_r
 .text.memchr   0x080062bc       0x94 ..\..\..\..\..\..\Program Files (x86)\GNU Tools ARM Embedded\4.9 2014q4\arm-none-eabi\lib\armv7e-m\fpu\libg.a(lib_a-memchr.o)
                0x080062bc                memchr
 .text.__malloc_lock
                0x08006350        0x4 ..\..\..\..\..\..\Program Files (x86)\GNU Tools ARM Embedded\4.9 2014q4\arm-none-eabi\lib\armv7e-m\fpu\libg.a(lib_a-mlock.o)
                0x08006350                __malloc_lock
 .text.__malloc_unlock
                0x08006354        0x4 ..\..\..\..\..\..\Program Files (x86)\GNU Tools ARM Embedded\4.9 2014q4\arm-none-eabi\lib\armv7e-m\fpu\libg.a(lib_a-mlock.o)
                0x08006354                __malloc_unlock
 .text._Balloc  0x08006358       0x4c ..\..\..\..\..\..\Program Files (x86)\GNU Tools ARM Embedded\4.9 2014q4\arm-none-eabi\lib\armv7e-m\fpu\libg.a(lib_a-mprec.o)
                0x08006358                _Balloc
 .text._Bfree   0x080063a4       0x14 ..\..\..\..\..\..\Program Files (x86)\GNU Tools ARM Embedded\4.9 2014q4\arm-none-eabi\lib\armv7e-m\fpu\libg.a(lib_a-mprec.o)
                0x080063a4                _Bfree
 .text.__multadd
                0x080063b8       0x84 ..\..\..\..\..\..\Program Files (x86)\GNU Tools ARM Embedded\4.9 2014q4\arm-none-eabi\lib\armv7e-m\fpu\libg.a(lib_a-mprec.o)
                0x080063b8                __multadd
 .text.__hi0bits
                0x0800643c       0x40 ..\..\..\..\..\..\Program Files (x86)\GNU Tools ARM Embedded\4.9 2014q4\arm-none-eabi\lib\armv7e-m\fpu\libg.a(lib_a-mprec.o)
                0x0800643c                __hi0bits
 .text.__lo0bits
                0x0800647c       0x5c ..\..\..\..\..\..\Program Files (x86)\GNU Tools ARM Embedded\4.9 2014q4\arm-none-eabi\lib\armv7e-m\fpu\libg.a(lib_a-mprec.o)
                0x0800647c                __lo0bits
 .text.__i2b    0x080064d8       0x14 ..\..\..\..\..\..\Program Files (x86)\GNU Tools ARM Embedded\4.9 2014q4\arm-none-eabi\lib\armv7e-m\fpu\libg.a(lib_a-mprec.o)
                0x080064d8                __i2b
 .text.__multiply
                0x080064ec      0x134 ..\..\..\..\..\..\Program Files (x86)\GNU Tools ARM Embedded\4.9 2014q4\arm-none-eabi\lib\armv7e-m\fpu\libg.a(lib_a-mprec.o)
                0x080064ec                __multiply
 .text.__pow5mult
                0x08006620       0xa0 ..\..\..\..\..\..\Program Files (x86)\GNU Tools ARM Embedded\4.9 2014q4\arm-none-eabi\lib\armv7e-m\fpu\libg.a(lib_a-mprec.o)
                0x08006620                __pow5mult
 .text.__lshift
                0x080066c0       0xac ..\..\..\..\..\..\Program Files (x86)\GNU Tools ARM Embedded\4.9 2014q4\arm-none-eabi\lib\armv7e-m\fpu\libg.a(lib_a-mprec.o)
                0x080066c0                __lshift
 .text.__mcmp   0x0800676c       0x48 ..\..\..\..\..\..\Program Files (x86)\GNU Tools ARM Embedded\4.9 2014q4\arm-none-eabi\lib\armv7e-m\fpu\libg.a(lib_a-mprec.o)
                0x0800676c                __mcmp
 .text.__mdiff  0x080067b4       0xd4 ..\..\..\..\..\..\Program Files (x86)\GNU Tools ARM Embedded\4.9 2014q4\arm-none-eabi\lib\armv7e-m\fpu\libg.a(lib_a-mprec.o)
                0x080067b4                __mdiff
 .text.__d2b    0x08006888       0xbc ..\..\..\..\..\..\Program Files (x86)\GNU Tools ARM Embedded\4.9 2014q4\arm-none-eabi\lib\armv7e-m\fpu\libg.a(lib_a-mprec.o)
                0x08006888                __d2b
 .text.__fpclassifyd
                0x08006944       0x5c ..\..\..\..\..\..\Program Files (x86)\GNU Tools ARM Embedded\4.9 2014q4\arm-none-eabi\lib\armv7e-m\fpu\libg.a(lib_a-s_fpclassify.o)
                0x08006944                __fpclassifyd
 .text._sbrk_r  0x080069a0       0x24 ..\..\..\..\..\..\Program Files (x86)\GNU Tools ARM Embedded\4.9 2014q4\arm-none-eabi\lib\armv7e-m\fpu\libg.a(lib_a-sbrkr.o)
                0x080069a0                _sbrk_r
 .text.strlen   0x080069c4       0x5c ..\..\..\..\..\..\Program Files (x86)\GNU Tools ARM Embedded\4.9 2014q4\arm-none-eabi\lib\armv7e-m\fpu\libg.a(lib_a-strlen.o)
                0x080069c4                strlen
 .text.__ssprint_r
                0x08006a20      0x104 ..\..\..\..\..\..\Program Files (x86)\GNU Tools ARM Embedded\4.9 2014q4\arm-none-eabi\lib\armv7e-m\fpu\libg.a(lib_a-svfiprintf.o)
                0x08006a20                __ssprint_r
 .text._calloc_r
                0x08006b24       0x60 ..\..\..\..\..\..\Program Files (x86)\GNU Tools ARM Embedded\4.9 2014q4\arm-none-eabi\lib\armv7e-m\fpu\libg.a(lib_a-callocr.o)
                0x08006b24                _calloc_r
 .text._malloc_trim_r
                0x08006b84       0x9c ..\..\..\..\..\..\Program Files (x86)\GNU Tools ARM Embedded\4.9 2014q4\arm-none-eabi\lib\armv7e-m\fpu\libg.a(lib_a-freer.o)
                0x08006b84                _malloc_trim_r
 .text._free_r  0x08006c20      0x1b0 ..\..\..\..\..\..\Program Files (x86)\GNU Tools ARM Embedded\4.9 2014q4\arm-none-eabi\lib\armv7e-m\fpu\libg.a(lib_a-freer.o)
                0x08006c20                _free_r
 .text.memmove  0x08006dd0       0xc8 ..\..\..\..\..\..\Program Files (x86)\GNU Tools ARM Embedded\4.9 2014q4\arm-none-eabi\lib\armv7e-m\fpu\libg.a(lib_a-memmove.o)
                0x08006dd0                memmove
 .text.memset   0x08006e98       0x9c ..\..\..\..\..\..\Program Files (x86)\GNU Tools ARM Embedded\4.9 2014q4\arm-none-eabi\lib\armv7e-m\fpu\libg.a(lib_a-memset.o)
                0x08006e98                memset
 .text._realloc_r
                0x08006f34      0x3ec ..\..\..\..\..\..\Program Files (x86)\GNU Tools ARM Embedded\4.9 2014q4\arm-none-eabi\lib\armv7e-m\fpu\libg.a(lib_a-reallocr.o)
                0x08006f34                _realloc_r
 .text          0x08007320      0x110 c:/program files (x86)/gnu tools arm embedded/4.9 2014q4/bin/../lib/gcc/arm-none-eabi/4.9.3/armv7e-m/fpu\libgcc.a(_arm_cmpdf2.o)
                0x08007320                __gtdf2
                0x08007320                __gedf2
                0x08007328                __ltdf2
                0x08007328                __ledf2
                0x08007330                __nedf2
                0x08007330                __eqdf2
                0x08007330                __cmpdf2
                0x080073ac                __aeabi_cdrcmple
                0x080073bc                __aeabi_cdcmpeq
                0x080073bc                __aeabi_cdcmple
                0x080073cc                __aeabi_dcmpeq
                0x080073e0                __aeabi_dcmplt
                0x080073f4                __aeabi_dcmple
                0x08007408                __aeabi_dcmpge
                0x0800741c                __aeabi_dcmpgt
 .text          0x08007430       0x2c c:/program files (x86)/gnu tools arm embedded/4.9 2014q4/bin/../lib/gcc/arm-none-eabi/4.9.3/armv7e-m/fpu\libgcc.a(_aeabi_uldivmod.o)
                0x08007430                __aeabi_uldivmod
 .text          0x0800745c       0x60 c:/program files (x86)/gnu tools arm embedded/4.9 2014q4/bin/../lib/gcc/arm-none-eabi/4.9.3/armv7e-m/fpu\libgcc.a(bpabi.o)
                0x0800745c                __gnu_ldivmod_helper
                0x0800748c                __gnu_uldivmod_helper
 .text          0x080074bc        0x4 c:/program files (x86)/gnu tools arm embedded/4.9 2014q4/bin/../lib/gcc/arm-none-eabi/4.9.3/armv7e-m/fpu\libgcc.a(_dvmd_tls.o)
                0x080074bc                __aeabi_idiv0
                0x080074bc                __aeabi_ldiv0
 .text          0x080074c0      0x29c c:/program files (x86)/gnu tools arm embedded/4.9 2014q4/bin/../lib/gcc/arm-none-eabi/4.9.3/armv7e-m/fpu\libgcc.a(_divdi3.o)
                0x080074c0                __divdi3
 .text          0x0800775c      0x26c c:/program files (x86)/gnu tools arm embedded/4.9 2014q4/bin/../lib/gcc/arm-none-eabi/4.9.3/armv7e-m/fpu\libgcc.a(_udivdi3.o)
                0x0800775c                __udivdi3
 *(.glue_7t)
 .glue_7t       0x00000000        0x0 linker stubs
 *(.glue_7)
 .glue_7        0x00000000        0x0 linker stubs
 *(.rodata .rodata* .gnu.linkonce.r.*)
 .rodata        0x080079c8        0x4 ..\obj\main.o
 .rodata.blanks.6794
                0x080079cc       0x10 ..\..\..\..\..\..\Program Files (x86)\GNU Tools ARM Embedded\4.9 2014q4\arm-none-eabi\lib\armv7e-m\fpu\libg.a(lib_a-svfprintf.o)
 .rodata.str1.4
                0x080079dc       0x42 ..\..\..\..\..\..\Program Files (x86)\GNU Tools ARM Embedded\4.9 2014q4\arm-none-eabi\lib\armv7e-m\fpu\libg.a(lib_a-svfprintf.o)
                                 0x44 (size before relaxing)
 *fill*         0x08007a1e        0x2 
 .rodata.zeroes.6795
                0x08007a20       0x10 ..\..\..\..\..\..\Program Files (x86)\GNU Tools ARM Embedded\4.9 2014q4\arm-none-eabi\lib\armv7e-m\fpu\libg.a(lib_a-svfprintf.o)
 .rodata.str1.4
                0x08007a30       0x10 ..\..\..\..\..\..\Program Files (x86)\GNU Tools ARM Embedded\4.9 2014q4\arm-none-eabi\lib\armv7e-m\fpu\libg.a(lib_a-dtoa.o)
                                 0x14 (size before relaxing)
 .rodata.str1.4
                0x08007a40        0x2 ..\..\..\..\..\..\Program Files (x86)\GNU Tools ARM Embedded\4.9 2014q4\arm-none-eabi\lib\armv7e-m\fpu\libg.a(lib_a-impure.o)
                                  0x4 (size before relaxing)
 *fill*         0x08007a42        0x2 
 .rodata.str1.4
                0x08007a44        0xc ..\..\..\..\..\..\Program Files (x86)\GNU Tools ARM Embedded\4.9 2014q4\arm-none-eabi\lib\armv7e-m\fpu\libg.a(lib_a-locale.o)
                                 0x14 (size before relaxing)
 .rodata.__mprec_tens
                0x08007a50       0xc8 ..\..\..\..\..\..\Program Files (x86)\GNU Tools ARM Embedded\4.9 2014q4\arm-none-eabi\lib\armv7e-m\fpu\libg.a(lib_a-mprec.o)
                0x08007a50                __mprec_tens
 .rodata.__mprec_bigtens
                0x08007b18       0x28 ..\..\..\..\..\..\Program Files (x86)\GNU Tools ARM Embedded\4.9 2014q4\arm-none-eabi\lib\armv7e-m\fpu\libg.a(lib_a-mprec.o)
                0x08007b18                __mprec_bigtens
 .rodata.p05.5265
                0x08007b40        0xc ..\..\..\..\..\..\Program Files (x86)\GNU Tools ARM Embedded\4.9 2014q4\arm-none-eabi\lib\armv7e-m\fpu\libg.a(lib_a-mprec.o)

.vfp11_veneer   0x08007b4c        0x0
 .vfp11_veneer  0x00000000        0x0 linker stubs

.v4_bx          0x08007b4c        0x0
 .v4_bx         0x00000000        0x0 linker stubs

.iplt           0x08007b4c        0x0
 .iplt          0x00000000        0x0 ..\obj\stm32f4xx_syscfg.o

.ARM.extab
 *(.ARM.extab* .gnu.linkonce.armextab.*)
                0x08007b4c                __exidx_start = .

.ARM.exidx      0x08007b4c        0x8
 *(.ARM.exidx* .gnu.linkonce.armexidx.*)
 .ARM.exidx     0x08007b4c        0x8 c:/program files (x86)/gnu tools arm embedded/4.9 2014q4/bin/../lib/gcc/arm-none-eabi/4.9.3/armv7e-m/fpu\libgcc.a(_divdi3.o)
 .ARM.exidx     0x08007b54        0x0 c:/program files (x86)/gnu tools arm embedded/4.9 2014q4/bin/../lib/gcc/arm-none-eabi/4.9.3/armv7e-m/fpu\libgcc.a(_udivdi3.o)
                                  0x8 (size before relaxing)
                0x08007b54                __exidx_end = .

.rel.dyn        0x08007b54        0x0
 .rel.iplt      0x00000000        0x0 ..\obj\stm32f4xx_syscfg.o
                0x08007b54                . = ALIGN (0x4)
                0x08007b54                _etext = .
                0x08007b54                _sidata = .

.data           0x20000000      0x88c load address 0x08007b54
                0x20000000                _sdata = .
 *(.data .data.*)
 .data          0x20000000       0x14 ..\obj\main.o
                0x20000000                Et
                0x20000004                Et1
                0x20000008                Et2
                0x2000000c                Et3
                0x20000010                stage
 .data          0x20000014        0x4 ..\obj\TFT.o
 .data.impure_data
                0x20000018      0x428 ..\..\..\..\..\..\Program Files (x86)\GNU Tools ARM Embedded\4.9 2014q4\arm-none-eabi\lib\armv7e-m\fpu\libg.a(lib_a-impure.o)
 .data._impure_ptr
                0x20000440        0x4 ..\..\..\..\..\..\Program Files (x86)\GNU Tools ARM Embedded\4.9 2014q4\arm-none-eabi\lib\armv7e-m\fpu\libg.a(lib_a-impure.o)
                0x20000440                _impure_ptr
 .data.lconv    0x20000444       0x38 ..\..\..\..\..\..\Program Files (x86)\GNU Tools ARM Embedded\4.9 2014q4\arm-none-eabi\lib\armv7e-m\fpu\libg.a(lib_a-locale.o)
 .data.__malloc_av_
                0x2000047c      0x408 ..\..\..\..\..\..\Program Files (x86)\GNU Tools ARM Embedded\4.9 2014q4\arm-none-eabi\lib\armv7e-m\fpu\libg.a(lib_a-mallocr.o)
                0x2000047c                __malloc_av_
 .data.__malloc_trim_threshold
                0x20000884        0x4 ..\..\..\..\..\..\Program Files (x86)\GNU Tools ARM Embedded\4.9 2014q4\arm-none-eabi\lib\armv7e-m\fpu\libg.a(lib_a-mallocr.o)
                0x20000884                __malloc_trim_threshold
 .data.__malloc_sbrk_base
                0x20000888        0x4 ..\..\..\..\..\..\Program Files (x86)\GNU Tools ARM Embedded\4.9 2014q4\arm-none-eabi\lib\armv7e-m\fpu\libg.a(lib_a-mallocr.o)
                0x20000888                __malloc_sbrk_base
                0x2000088c                . = ALIGN (0x4)
                0x2000088c                _edata = .

.igot.plt       0x2000088c        0x0 load address 0x080083e0
 .igot.plt      0x00000000        0x0 ..\obj\stm32f4xx_syscfg.o

.bss            0x2000088c       0xe0 load address 0x080083e0
                0x2000088c                _sbss = .
 *(.bss .bss.*)
 .bss           0x2000088c       0x84 ..\obj\COM1_F4.o
 .bss           0x20000910       0x18 ..\obj\main.o
                0x20000910                SQ1
                0x20000914                pwm
                0x20000918                S
 .bss           0x20000928        0x4 ..\obj\syscalls.o
 .bss           0x2000092c        0x8 ..\obj\PID.o
 .bss.__malloc_max_total_mem
                0x20000934        0x4 ..\..\..\..\..\..\Program Files (x86)\GNU Tools ARM Embedded\4.9 2014q4\arm-none-eabi\lib\armv7e-m\fpu\libg.a(lib_a-mallocr.o)
                0x20000934                __malloc_max_total_mem
 .bss.__malloc_max_sbrked_mem
                0x20000938        0x4 ..\..\..\..\..\..\Program Files (x86)\GNU Tools ARM Embedded\4.9 2014q4\arm-none-eabi\lib\armv7e-m\fpu\libg.a(lib_a-mallocr.o)
                0x20000938                __malloc_max_sbrked_mem
 .bss.__malloc_top_pad
                0x2000093c        0x4 ..\..\..\..\..\..\Program Files (x86)\GNU Tools ARM Embedded\4.9 2014q4\arm-none-eabi\lib\armv7e-m\fpu\libg.a(lib_a-mallocr.o)
                0x2000093c                __malloc_top_pad
 .bss.__malloc_current_mallinfo
                0x20000940       0x28 ..\..\..\..\..\..\Program Files (x86)\GNU Tools ARM Embedded\4.9 2014q4\arm-none-eabi\lib\armv7e-m\fpu\libg.a(lib_a-mallocr.o)
                0x20000940                __malloc_current_mallinfo
 *(COMMON)
 COMMON         0x20000968        0x4 ..\..\..\..\..\..\Program Files (x86)\GNU Tools ARM Embedded\4.9 2014q4\arm-none-eabi\lib\armv7e-m\fpu\libg.a(lib_a-reent.o)
                0x20000968                errno
                0x2000096c                . = ALIGN (0x4)
                0x2000096c                _ebss = .

.co_stack       0x2000096c     0x8004 load address 0x080084c0
                0x20000970                . = ALIGN (0x8)
 *fill*         0x2000096c        0x4 
 *(.co_stack .co_stack.*)
 .co_stack      0x20000970     0x8000 ..\obj\startup_stm32f4xx.o
                0x20000970                pulStack
                0x20008970                . = ALIGN (0x4)
                0x20008970                _end = .
LOAD ..\obj\stm32f4xx_syscfg.o
LOAD ..\obj\Led7_emulator.o
LOAD ..\obj\delay.o
LOAD ..\obj\stm32f4xx_usart.o
LOAD ..\obj\stm32f4xx_dac.o
LOAD ..\obj\COM1_F4.o
LOAD ..\obj\startup_stm32f4xx.o
LOAD ..\obj\main.o
LOAD ..\obj\stm32f4xx_rcc.o
LOAD ..\obj\stm32f4xx_adc.o
LOAD ..\obj\stm32f4xx_fsmc.o
LOAD ..\obj\TFT.o
LOAD ..\obj\stm32f4xx_gpio.o
LOAD ..\obj\stm32f4xx_flash.o
LOAD ..\obj\system_stm32f4xx.o
LOAD ..\obj\syscalls.o
LOAD ..\obj\stm32f4xx_dma.o
LOAD ..\obj\PID.o
LOAD ..\obj\stm32f4xx_spi.o
LOAD ..\obj\stm32f4xx_i2c.o
LOAD ..\obj\stm32f4xx_exti.o
LOAD ..\obj\misc.o
LOAD ..\obj\GPIO_LIBS.o
LOAD ..\obj\stm32f4xx_tim.o
LOAD ..\..\..\..\..\..\Program Files (x86)\GNU Tools ARM Embedded\4.9 2014q4\arm-none-eabi\lib\armv7e-m\fpu\libm.a
START GROUP
LOAD c:/program files (x86)/gnu tools arm embedded/4.9 2014q4/bin/../lib/gcc/arm-none-eabi/4.9.3/armv7e-m/fpu\libgcc.a
LOAD ..\..\..\..\..\..\Program Files (x86)\GNU Tools ARM Embedded\4.9 2014q4\arm-none-eabi\lib\armv7e-m\fpu\libg.a
LOAD ..\..\..\..\..\..\Program Files (x86)\GNU Tools ARM Embedded\4.9 2014q4\arm-none-eabi\lib\armv7e-m\fpu\libc.a
END GROUP
OUTPUT(Project.elf elf32-littlearm)

.debug_info     0x00000000     0x81c6
 .debug_info    0x00000000      0x125 ..\obj\Led7_emulator.o
 .debug_info    0x00000125      0x3bc ..\obj\delay.o
 .debug_info    0x000004e1      0x9c2 ..\obj\stm32f4xx_usart.o
 .debug_info    0x00000ea3      0x916 ..\obj\COM1_F4.o
 .debug_info    0x000017b9       0xed ..\obj\startup_stm32f4xx.o
 .debug_info    0x000018a6      0x9ea ..\obj\main.o
 .debug_info    0x00002290      0xc4d ..\obj\stm32f4xx_rcc.o
 .debug_info    0x00002edd      0x8f5 ..\obj\stm32f4xx_fsmc.o
 .debug_info    0x000037d2      0xb7a ..\obj\TFT.o
 .debug_info    0x0000434c      0x602 ..\obj\stm32f4xx_gpio.o
 .debug_info    0x0000494e      0x592 ..\obj\system_stm32f4xx.o
 .debug_info    0x00004ee0      0x3ee ..\obj\syscalls.o
 .debug_info    0x000052ce      0x739 ..\obj\stm32f4xx_dma.o
 .debug_info    0x00005a07      0x135 ..\obj\PID.o
 .debug_info    0x00005b3c      0x53d ..\obj\misc.o
 .debug_info    0x00006079      0x4ec ..\obj\GPIO_LIBS.o
 .debug_info    0x00006565     0x1c61 ..\obj\stm32f4xx_tim.o

.debug_abbrev   0x00000000     0x1622
 .debug_abbrev  0x00000000       0xb7 ..\obj\Led7_emulator.o
 .debug_abbrev  0x000000b7      0x10b ..\obj\delay.o
 .debug_abbrev  0x000001c2      0x155 ..\obj\stm32f4xx_usart.o
 .debug_abbrev  0x00000317      0x15c ..\obj\COM1_F4.o
 .debug_abbrev  0x00000473       0xb0 ..\obj\startup_stm32f4xx.o
 .debug_abbrev  0x00000523      0x1c1 ..\obj\main.o
 .debug_abbrev  0x000006e4      0x1e3 ..\obj\stm32f4xx_rcc.o
 .debug_abbrev  0x000008c7      0x170 ..\obj\stm32f4xx_fsmc.o
 .debug_abbrev  0x00000a37      0x239 ..\obj\TFT.o
 .debug_abbrev  0x00000c70      0x1a3 ..\obj\stm32f4xx_gpio.o
 .debug_abbrev  0x00000e13      0x136 ..\obj\system_stm32f4xx.o
 .debug_abbrev  0x00000f49       0xe2 ..\obj\syscalls.o
 .debug_abbrev  0x0000102b      0x155 ..\obj\stm32f4xx_dma.o
 .debug_abbrev  0x00001180       0x98 ..\obj\PID.o
 .debug_abbrev  0x00001218      0x145 ..\obj\misc.o
 .debug_abbrev  0x0000135d      0x13e ..\obj\GPIO_LIBS.o
 .debug_abbrev  0x0000149b      0x187 ..\obj\stm32f4xx_tim.o

.debug_aranges  0x00000000      0xa88
 .debug_aranges
                0x00000000       0x28 ..\obj\Led7_emulator.o
 .debug_aranges
                0x00000028       0x30 ..\obj\delay.o
 .debug_aranges
                0x00000058      0x100 ..\obj\stm32f4xx_usart.o
 .debug_aranges
                0x00000158       0x50 ..\obj\COM1_F4.o
 .debug_aranges
                0x000001a8       0x28 ..\obj\startup_stm32f4xx.o
 .debug_aranges
                0x000001d0       0x50 ..\obj\main.o
 .debug_aranges
                0x00000220      0x178 ..\obj\stm32f4xx_rcc.o
 .debug_aranges
                0x00000398       0xb0 ..\obj\stm32f4xx_fsmc.o
 .debug_aranges
                0x00000448       0xf0 ..\obj\TFT.o
 .debug_aranges
                0x00000538       0x88 ..\obj\stm32f4xx_gpio.o
 .debug_aranges
                0x000005c0       0x30 ..\obj\system_stm32f4xx.o
 .debug_aranges
                0x000005f0       0x60 ..\obj\syscalls.o
 .debug_aranges
                0x00000650       0xb0 ..\obj\stm32f4xx_dma.o
 .debug_aranges
                0x00000700       0x20 ..\obj\PID.o
 .debug_aranges
                0x00000720       0x40 ..\obj\misc.o
 .debug_aranges
                0x00000760       0x30 ..\obj\GPIO_LIBS.o
 .debug_aranges
                0x00000790      0x2f8 ..\obj\stm32f4xx_tim.o

.debug_ranges   0x00000000      0x978
 .debug_ranges  0x00000000       0x18 ..\obj\Led7_emulator.o
 .debug_ranges  0x00000018       0x20 ..\obj\delay.o
 .debug_ranges  0x00000038       0xf0 ..\obj\stm32f4xx_usart.o
 .debug_ranges  0x00000128       0x40 ..\obj\COM1_F4.o
 .debug_ranges  0x00000168       0x18 ..\obj\startup_stm32f4xx.o
 .debug_ranges  0x00000180       0x40 ..\obj\main.o
 .debug_ranges  0x000001c0      0x168 ..\obj\stm32f4xx_rcc.o
 .debug_ranges  0x00000328       0xa0 ..\obj\stm32f4xx_fsmc.o
 .debug_ranges  0x000003c8       0xe0 ..\obj\TFT.o
 .debug_ranges  0x000004a8       0x78 ..\obj\stm32f4xx_gpio.o
 .debug_ranges  0x00000520       0x20 ..\obj\system_stm32f4xx.o
 .debug_ranges  0x00000540       0x50 ..\obj\syscalls.o
 .debug_ranges  0x00000590       0xa0 ..\obj\stm32f4xx_dma.o
 .debug_ranges  0x00000630       0x10 ..\obj\PID.o
 .debug_ranges  0x00000640       0x30 ..\obj\misc.o
 .debug_ranges  0x00000670       0x20 ..\obj\GPIO_LIBS.o
 .debug_ranges  0x00000690      0x2e8 ..\obj\stm32f4xx_tim.o

.debug_line     0x00000000     0x38b6
 .debug_line    0x00000000      0x255 ..\obj\Led7_emulator.o
 .debug_line    0x00000255      0x211 ..\obj\delay.o
 .debug_line    0x00000466      0x491 ..\obj\stm32f4xx_usart.o
 .debug_line    0x000008f7      0x2df ..\obj\COM1_F4.o
 .debug_line    0x00000bd6       0x9a ..\obj\startup_stm32f4xx.o
 .debug_line    0x00000c70      0x2ca ..\obj\main.o
 .debug_line    0x00000f3a      0x590 ..\obj\stm32f4xx_rcc.o
 .debug_line    0x000014ca      0x443 ..\obj\stm32f4xx_fsmc.o
 .debug_line    0x0000190d      0x554 ..\obj\TFT.o
 .debug_line    0x00001e61      0x332 ..\obj\stm32f4xx_gpio.o
 .debug_line    0x00002193      0x1ee ..\obj\system_stm32f4xx.o
 .debug_line    0x00002381      0x16b ..\obj\syscalls.o
 .debug_line    0x000024ec      0x3cb ..\obj\stm32f4xx_dma.o
 .debug_line    0x000028b7      0x170 ..\obj\PID.o
 .debug_line    0x00002a27      0x234 ..\obj\misc.o
 .debug_line    0x00002c5b      0x202 ..\obj\GPIO_LIBS.o
 .debug_line    0x00002e5d      0xa59 ..\obj\stm32f4xx_tim.o

.debug_str      0x00000000     0x338e
 .debug_str     0x00000000      0x16c ..\obj\Led7_emulator.o
                                0x1b2 (size before relaxing)
 .debug_str     0x0000016c      0x21e ..\obj\delay.o
                                0x399 (size before relaxing)
 .debug_str     0x0000038a      0x4ab ..\obj\stm32f4xx_usart.o
                                0x6aa (size before relaxing)
 .debug_str     0x00000835      0x923 ..\obj\COM1_F4.o
                                0xbf3 (size before relaxing)
 .debug_str     0x00001158       0xa8 ..\obj\startup_stm32f4xx.o
                                0x162 (size before relaxing)
 .debug_str     0x00001200      0x112 ..\obj\main.o
                                0xb88 (size before relaxing)
 .debug_str     0x00001312      0x5db ..\obj\stm32f4xx_rcc.o
                                0x86b (size before relaxing)
 .debug_str     0x000018ed      0x5d3 ..\obj\stm32f4xx_fsmc.o
                                0x7a5 (size before relaxing)
 .debug_str     0x00001ec0      0x27b ..\obj\TFT.o
                                0x7a6 (size before relaxing)
 .debug_str     0x0000213b      0x19b ..\obj\stm32f4xx_gpio.o
                                0x4be (size before relaxing)
 .debug_str     0x000022d6      0x110 ..\obj\system_stm32f4xx.o
                                0x3c5 (size before relaxing)
 .debug_str     0x000023e6      0x15b ..\obj\syscalls.o
                                0x2e5 (size before relaxing)
 .debug_str     0x00002541      0x26c ..\obj\stm32f4xx_dma.o
                                0x55d (size before relaxing)
 .debug_str     0x000027ad       0x33 ..\obj\PID.o
                                0x1ce (size before relaxing)
 .debug_str     0x000027e0      0x159 ..\obj\misc.o
                                0x3e9 (size before relaxing)
 .debug_str     0x00002939       0x68 ..\obj\GPIO_LIBS.o
                                0x4c5 (size before relaxing)
 .debug_str     0x000029a1      0x9ed ..\obj\stm32f4xx_tim.o
                                0xdeb (size before relaxing)

.comment        0x00000000       0x70
 .comment       0x00000000       0x70 ..\obj\Led7_emulator.o
                                 0x71 (size before relaxing)
 .comment       0x00000000       0x71 ..\obj\delay.o
 .comment       0x00000000       0x71 ..\obj\stm32f4xx_usart.o
 .comment       0x00000000       0x71 ..\obj\COM1_F4.o
 .comment       0x00000000       0x71 ..\obj\startup_stm32f4xx.o
 .comment       0x00000000       0x71 ..\obj\main.o
 .comment       0x00000000       0x71 ..\obj\stm32f4xx_rcc.o
 .comment       0x00000000       0x71 ..\obj\stm32f4xx_fsmc.o
 .comment       0x00000000       0x71 ..\obj\TFT.o
 .comment       0x00000000       0x71 ..\obj\stm32f4xx_gpio.o
 .comment       0x00000000       0x71 ..\obj\system_stm32f4xx.o
 .comment       0x00000000       0x71 ..\obj\syscalls.o
 .comment       0x00000000       0x71 ..\obj\stm32f4xx_dma.o
 .comment       0x00000000       0x71 ..\obj\PID.o
 .comment       0x00000000       0x71 ..\obj\misc.o
 .comment       0x00000000       0x71 ..\obj\GPIO_LIBS.o
 .comment       0x00000000       0x71 ..\obj\stm32f4xx_tim.o

.ARM.attributes
                0x00000000       0x37
 .ARM.attributes
                0x00000000       0x39 ..\obj\Led7_emulator.o
 .ARM.attributes
                0x00000039       0x39 ..\obj\delay.o
 .ARM.attributes
                0x00000072       0x39 ..\obj\stm32f4xx_usart.o
 .ARM.attributes
                0x000000ab       0x39 ..\obj\COM1_F4.o
 .ARM.attributes
                0x000000e4       0x39 ..\obj\startup_stm32f4xx.o
 .ARM.attributes
                0x0000011d       0x39 ..\obj\main.o
 .ARM.attributes
                0x00000156       0x39 ..\obj\stm32f4xx_rcc.o
 .ARM.attributes
                0x0000018f       0x39 ..\obj\stm32f4xx_fsmc.o
 .ARM.attributes
                0x000001c8       0x39 ..\obj\TFT.o
 .ARM.attributes
                0x00000201       0x39 ..\obj\stm32f4xx_gpio.o
 .ARM.attributes
                0x0000023a       0x39 ..\obj\system_stm32f4xx.o
 .ARM.attributes
                0x00000273       0x39 ..\obj\syscalls.o
 .ARM.attributes
                0x000002ac       0x39 ..\obj\stm32f4xx_dma.o
 .ARM.attributes
                0x000002e5       0x39 ..\obj\PID.o
 .ARM.attributes
                0x0000031e       0x39 ..\obj\misc.o
 .ARM.attributes
                0x00000357       0x39 ..\obj\GPIO_LIBS.o
 .ARM.attributes
                0x00000390       0x39 ..\obj\stm32f4xx_tim.o
 .ARM.attributes
                0x000003c9       0x22 c:/program files (x86)/gnu tools arm embedded/4.9 2014q4/bin/../lib/gcc/arm-none-eabi/4.9.3/armv7e-m/fpu\libgcc.a(_arm_addsubdf3.o)
 .ARM.attributes
                0x000003eb       0x22 c:/program files (x86)/gnu tools arm embedded/4.9 2014q4/bin/../lib/gcc/arm-none-eabi/4.9.3/armv7e-m/fpu\libgcc.a(_arm_muldivdf3.o)
 .ARM.attributes
                0x0000040d       0x22 c:/program files (x86)/gnu tools arm embedded/4.9 2014q4/bin/../lib/gcc/arm-none-eabi/4.9.3/armv7e-m/fpu\libgcc.a(_arm_fixdfsi.o)
 .ARM.attributes
                0x0000042f       0x20 ..\..\..\..\..\..\Program Files (x86)\GNU Tools ARM Embedded\4.9 2014q4\arm-none-eabi\lib\armv7e-m\fpu\libg.a(lib_a-memcpy.o)
 .ARM.attributes
                0x0000044f       0x34 ..\..\..\..\..\..\Program Files (x86)\GNU Tools ARM Embedded\4.9 2014q4\arm-none-eabi\lib\armv7e-m\fpu\libg.a(lib_a-sprintf.o)
 .ARM.attributes
                0x00000483       0x34 ..\..\..\..\..\..\Program Files (x86)\GNU Tools ARM Embedded\4.9 2014q4\arm-none-eabi\lib\armv7e-m\fpu\libg.a(lib_a-svfprintf.o)
 .ARM.attributes
                0x000004b7       0x34 ..\..\..\..\..\..\Program Files (x86)\GNU Tools ARM Embedded\4.9 2014q4\arm-none-eabi\lib\armv7e-m\fpu\libg.a(lib_a-dtoa.o)
 .ARM.attributes
                0x000004eb       0x34 ..\..\..\..\..\..\Program Files (x86)\GNU Tools ARM Embedded\4.9 2014q4\arm-none-eabi\lib\armv7e-m\fpu\libg.a(lib_a-impure.o)
 .ARM.attributes
                0x0000051f       0x34 ..\..\..\..\..\..\Program Files (x86)\GNU Tools ARM Embedded\4.9 2014q4\arm-none-eabi\lib\armv7e-m\fpu\libg.a(lib_a-locale.o)
 .ARM.attributes
                0x00000553       0x34 ..\..\..\..\..\..\Program Files (x86)\GNU Tools ARM Embedded\4.9 2014q4\arm-none-eabi\lib\armv7e-m\fpu\libg.a(lib_a-mallocr.o)
 .ARM.attributes
                0x00000587       0x34 ..\..\..\..\..\..\Program Files (x86)\GNU Tools ARM Embedded\4.9 2014q4\arm-none-eabi\lib\armv7e-m\fpu\libg.a(lib_a-memchr.o)
 .ARM.attributes
                0x000005bb       0x34 ..\..\..\..\..\..\Program Files (x86)\GNU Tools ARM Embedded\4.9 2014q4\arm-none-eabi\lib\armv7e-m\fpu\libg.a(lib_a-mlock.o)
 .ARM.attributes
                0x000005ef       0x34 ..\..\..\..\..\..\Program Files (x86)\GNU Tools ARM Embedded\4.9 2014q4\arm-none-eabi\lib\armv7e-m\fpu\libg.a(lib_a-mprec.o)
 .ARM.attributes
                0x00000623       0x34 ..\..\..\..\..\..\Program Files (x86)\GNU Tools ARM Embedded\4.9 2014q4\arm-none-eabi\lib\armv7e-m\fpu\libg.a(lib_a-s_fpclassify.o)
 .ARM.attributes
                0x00000657       0x34 ..\..\..\..\..\..\Program Files (x86)\GNU Tools ARM Embedded\4.9 2014q4\arm-none-eabi\lib\armv7e-m\fpu\libg.a(lib_a-sbrkr.o)
 .ARM.attributes
                0x0000068b       0x34 ..\..\..\..\..\..\Program Files (x86)\GNU Tools ARM Embedded\4.9 2014q4\arm-none-eabi\lib\armv7e-m\fpu\libg.a(lib_a-strlen.o)
 .ARM.attributes
                0x000006bf       0x34 ..\..\..\..\..\..\Program Files (x86)\GNU Tools ARM Embedded\4.9 2014q4\arm-none-eabi\lib\armv7e-m\fpu\libg.a(lib_a-svfiprintf.o)
 .ARM.attributes
                0x000006f3       0x34 ..\..\..\..\..\..\Program Files (x86)\GNU Tools ARM Embedded\4.9 2014q4\arm-none-eabi\lib\armv7e-m\fpu\libg.a(lib_a-callocr.o)
 .ARM.attributes
                0x00000727       0x34 ..\..\..\..\..\..\Program Files (x86)\GNU Tools ARM Embedded\4.9 2014q4\arm-none-eabi\lib\armv7e-m\fpu\libg.a(lib_a-freer.o)
 .ARM.attributes
                0x0000075b       0x34 ..\..\..\..\..\..\Program Files (x86)\GNU Tools ARM Embedded\4.9 2014q4\arm-none-eabi\lib\armv7e-m\fpu\libg.a(lib_a-memmove.o)
 .ARM.attributes
                0x0000078f       0x34 ..\..\..\..\..\..\Program Files (x86)\GNU Tools ARM Embedded\4.9 2014q4\arm-none-eabi\lib\armv7e-m\fpu\libg.a(lib_a-memset.o)
 .ARM.attributes
                0x000007c3       0x34 ..\..\..\..\..\..\Program Files (x86)\GNU Tools ARM Embedded\4.9 2014q4\arm-none-eabi\lib\armv7e-m\fpu\libg.a(lib_a-reallocr.o)
 .ARM.attributes
                0x000007f7       0x34 ..\..\..\..\..\..\Program Files (x86)\GNU Tools ARM Embedded\4.9 2014q4\arm-none-eabi\lib\armv7e-m\fpu\libg.a(lib_a-reent.o)
 .ARM.attributes
                0x0000082b       0x22 c:/program files (x86)/gnu tools arm embedded/4.9 2014q4/bin/../lib/gcc/arm-none-eabi/4.9.3/armv7e-m/fpu\libgcc.a(_arm_cmpdf2.o)
 .ARM.attributes
                0x0000084d       0x22 c:/program files (x86)/gnu tools arm embedded/4.9 2014q4/bin/../lib/gcc/arm-none-eabi/4.9.3/armv7e-m/fpu\libgcc.a(_aeabi_uldivmod.o)
 .ARM.attributes
                0x0000086f       0x34 c:/program files (x86)/gnu tools arm embedded/4.9 2014q4/bin/../lib/gcc/arm-none-eabi/4.9.3/armv7e-m/fpu\libgcc.a(bpabi.o)
 .ARM.attributes
                0x000008a3       0x22 c:/program files (x86)/gnu tools arm embedded/4.9 2014q4/bin/../lib/gcc/arm-none-eabi/4.9.3/armv7e-m/fpu\libgcc.a(_dvmd_tls.o)
 .ARM.attributes
                0x000008c5       0x34 c:/program files (x86)/gnu tools arm embedded/4.9 2014q4/bin/../lib/gcc/arm-none-eabi/4.9.3/armv7e-m/fpu\libgcc.a(_divdi3.o)
 .ARM.attributes
                0x000008f9       0x34 c:/program files (x86)/gnu tools arm embedded/4.9 2014q4/bin/../lib/gcc/arm-none-eabi/4.9.3/armv7e-m/fpu\libgcc.a(_udivdi3.o)

.debug_frame    0x00000000     0x3538
 .debug_frame   0x00000000       0x5c ..\obj\Led7_emulator.o
 .debug_frame   0x0000005c       0x80 ..\obj\delay.o
 .debug_frame   0x000000dc      0x490 ..\obj\stm32f4xx_usart.o
 .debug_frame   0x0000056c       0xf4 ..\obj\COM1_F4.o
 .debug_frame   0x00000660       0x4c ..\obj\startup_stm32f4xx.o
 .debug_frame   0x000006ac      0x110 ..\obj\main.o
 .debug_frame   0x000007bc      0x6d4 ..\obj\stm32f4xx_rcc.o
 .debug_frame   0x00000e90      0x300 ..\obj\stm32f4xx_fsmc.o
 .debug_frame   0x00001190      0x400 ..\obj\TFT.o
 .debug_frame   0x00001590      0x23c ..\obj\stm32f4xx_gpio.o
 .debug_frame   0x000017cc       0x7c ..\obj\system_stm32f4xx.o
 .debug_frame   0x00001848      0x168 ..\obj\syscalls.o
 .debug_frame   0x000019b0      0x308 ..\obj\stm32f4xx_dma.o
 .debug_frame   0x00001cb8       0x34 ..\obj\PID.o
 .debug_frame   0x00001cec       0xd8 ..\obj\misc.o
 .debug_frame   0x00001dc4       0x80 ..\obj\GPIO_LIBS.o
 .debug_frame   0x00001e44      0xe54 ..\obj\stm32f4xx_tim.o
 .debug_frame   0x00002c98       0x84 ..\..\..\..\..\..\Program Files (x86)\GNU Tools ARM Embedded\4.9 2014q4\arm-none-eabi\lib\armv7e-m\fpu\libg.a(lib_a-sprintf.o)
 .debug_frame   0x00002d1c       0x40 ..\..\..\..\..\..\Program Files (x86)\GNU Tools ARM Embedded\4.9 2014q4\arm-none-eabi\lib\armv7e-m\fpu\libg.a(lib_a-svfprintf.o)
 .debug_frame   0x00002d5c       0x88 ..\..\..\..\..\..\Program Files (x86)\GNU Tools ARM Embedded\4.9 2014q4\arm-none-eabi\lib\armv7e-m\fpu\libg.a(lib_a-dtoa.o)
 .debug_frame   0x00002de4       0x9c ..\..\..\..\..\..\Program Files (x86)\GNU Tools ARM Embedded\4.9 2014q4\arm-none-eabi\lib\armv7e-m\fpu\libg.a(lib_a-locale.o)
 .debug_frame   0x00002e80       0x58 ..\..\..\..\..\..\Program Files (x86)\GNU Tools ARM Embedded\4.9 2014q4\arm-none-eabi\lib\armv7e-m\fpu\libg.a(lib_a-mallocr.o)
 .debug_frame   0x00002ed8       0x3c ..\..\..\..\..\..\Program Files (x86)\GNU Tools ARM Embedded\4.9 2014q4\arm-none-eabi\lib\armv7e-m\fpu\libg.a(lib_a-memchr.o)
 .debug_frame   0x00002f14       0x30 ..\..\..\..\..\..\Program Files (x86)\GNU Tools ARM Embedded\4.9 2014q4\arm-none-eabi\lib\armv7e-m\fpu\libg.a(lib_a-mlock.o)
 .debug_frame   0x00002f44      0x268 ..\..\..\..\..\..\Program Files (x86)\GNU Tools ARM Embedded\4.9 2014q4\arm-none-eabi\lib\armv7e-m\fpu\libg.a(lib_a-mprec.o)
 .debug_frame   0x000031ac       0x34 ..\..\..\..\..\..\Program Files (x86)\GNU Tools ARM Embedded\4.9 2014q4\arm-none-eabi\lib\armv7e-m\fpu\libg.a(lib_a-s_fpclassify.o)
 .debug_frame   0x000031e0       0x2c ..\..\..\..\..\..\Program Files (x86)\GNU Tools ARM Embedded\4.9 2014q4\arm-none-eabi\lib\armv7e-m\fpu\libg.a(lib_a-sbrkr.o)
 .debug_frame   0x0000320c       0x20 ..\..\..\..\..\..\Program Files (x86)\GNU Tools ARM Embedded\4.9 2014q4\arm-none-eabi\lib\armv7e-m\fpu\libg.a(lib_a-strlen.o)
 .debug_frame   0x0000322c       0x78 ..\..\..\..\..\..\Program Files (x86)\GNU Tools ARM Embedded\4.9 2014q4\arm-none-eabi\lib\armv7e-m\fpu\libg.a(lib_a-svfiprintf.o)
 .debug_frame   0x000032a4       0x28 ..\..\..\..\..\..\Program Files (x86)\GNU Tools ARM Embedded\4.9 2014q4\arm-none-eabi\lib\armv7e-m\fpu\libg.a(lib_a-callocr.o)
 .debug_frame   0x000032cc       0x74 ..\..\..\..\..\..\Program Files (x86)\GNU Tools ARM Embedded\4.9 2014q4\arm-none-eabi\lib\armv7e-m\fpu\libg.a(lib_a-freer.o)
 .debug_frame   0x00003340       0x30 ..\..\..\..\..\..\Program Files (x86)\GNU Tools ARM Embedded\4.9 2014q4\arm-none-eabi\lib\armv7e-m\fpu\libg.a(lib_a-memmove.o)
 .debug_frame   0x00003370       0x34 ..\..\..\..\..\..\Program Files (x86)\GNU Tools ARM Embedded\4.9 2014q4\arm-none-eabi\lib\armv7e-m\fpu\libg.a(lib_a-memset.o)
 .debug_frame   0x000033a4       0x60 ..\..\..\..\..\..\Program Files (x86)\GNU Tools ARM Embedded\4.9 2014q4\arm-none-eabi\lib\armv7e-m\fpu\libg.a(lib_a-reallocr.o)
 .debug_frame   0x00003404       0x58 ..\..\..\..\..\..\Program Files (x86)\GNU Tools ARM Embedded\4.9 2014q4\arm-none-eabi\lib\armv7e-m\fpu\libg.a(lib_a-reent.o)
 .debug_frame   0x0000345c       0x28 c:/program files (x86)/gnu tools arm embedded/4.9 2014q4/bin/../lib/gcc/arm-none-eabi/4.9.3/armv7e-m/fpu\libgcc.a(_aeabi_uldivmod.o)
 .debug_frame   0x00003484       0x50 c:/program files (x86)/gnu tools arm embedded/4.9 2014q4/bin/../lib/gcc/arm-none-eabi/4.9.3/armv7e-m/fpu\libgcc.a(bpabi.o)
 .debug_frame   0x000034d4       0x34 c:/program files (x86)/gnu tools arm embedded/4.9 2014q4/bin/../lib/gcc/arm-none-eabi/4.9.3/armv7e-m/fpu\libgcc.a(_divdi3.o)
 .debug_frame   0x00003508       0x30 c:/program files (x86)/gnu tools arm embedded/4.9 2014q4/bin/../lib/gcc/arm-none-eabi/4.9.3/armv7e-m/fpu\libgcc.a(_udivdi3.o)
